Component: ARM Compiler 5.06 update 7 (build 960) Tool: armlink [4d3601]

==============================================================================

Section Cross References

    startup_stm32f407xx.o(RESET) refers to startup_stm32f407xx.o(STACK) for __initial_sp
    startup_stm32f407xx.o(RESET) refers to startup_stm32f407xx.o(.text) for Reset_Handler
    startup_stm32f407xx.o(RESET) refers to stm32f4xx_it.o(i.NMI_Handler) for NMI_Handler
    startup_stm32f407xx.o(RESET) refers to stm32f4xx_it.o(i.HardFault_Handler) for HardFault_Handler
    startup_stm32f407xx.o(RESET) refers to stm32f4xx_it.o(i.MemManage_Handler) for MemManage_Handler
    startup_stm32f407xx.o(RESET) refers to stm32f4xx_it.o(i.BusFault_Handler) for BusFault_Handler
    startup_stm32f407xx.o(RESET) refers to stm32f4xx_it.o(i.UsageFault_Handler) for UsageFault_Handler
    startup_stm32f407xx.o(RESET) refers to stm32f4xx_it.o(i.SVC_Handler) for SVC_Handler
    startup_stm32f407xx.o(RESET) refers to stm32f4xx_it.o(i.DebugMon_Handler) for DebugMon_Handler
    startup_stm32f407xx.o(RESET) refers to stm32f4xx_it.o(i.PendSV_Handler) for PendSV_Handler
    startup_stm32f407xx.o(RESET) refers to stm32f4xx_it.o(i.SysTick_Handler) for SysTick_Handler
    startup_stm32f407xx.o(RESET) refers to stm32f4xx_it.o(i.DMA1_Stream1_IRQHandler) for DMA1_Stream1_IRQHandler
    startup_stm32f407xx.o(RESET) refers to stm32f4xx_it.o(i.DMA1_Stream3_IRQHandler) for DMA1_Stream3_IRQHandler
    startup_stm32f407xx.o(RESET) refers to stm32f4xx_it.o(i.CAN1_TX_IRQHandler) for CAN1_TX_IRQHandler
    startup_stm32f407xx.o(RESET) refers to stm32f4xx_it.o(i.CAN1_RX0_IRQHandler) for CAN1_RX0_IRQHandler
    startup_stm32f407xx.o(RESET) refers to stm32f4xx_it.o(i.TIM1_UP_TIM10_IRQHandler) for TIM1_UP_TIM10_IRQHandler
    startup_stm32f407xx.o(RESET) refers to stm32f4xx_it.o(i.TIM1_TRG_COM_TIM11_IRQHandler) for TIM1_TRG_COM_TIM11_IRQHandler
    startup_stm32f407xx.o(RESET) refers to stm32f4xx_it.o(i.USART1_IRQHandler) for USART1_IRQHandler
    startup_stm32f407xx.o(RESET) refers to stm32f4xx_it.o(i.USART3_IRQHandler) for USART3_IRQHandler
    startup_stm32f407xx.o(RESET) refers to stm32f4xx_it.o(i.TIM8_BRK_TIM12_IRQHandler) for TIM8_BRK_TIM12_IRQHandler
    startup_stm32f407xx.o(RESET) refers to stm32f4xx_it.o(i.TIM8_UP_TIM13_IRQHandler) for TIM8_UP_TIM13_IRQHandler
    startup_stm32f407xx.o(RESET) refers to stm32f4xx_it.o(i.DMA2_Stream2_IRQHandler) for DMA2_Stream2_IRQHandler
    startup_stm32f407xx.o(RESET) refers to stm32f4xx_it.o(i.CAN2_TX_IRQHandler) for CAN2_TX_IRQHandler
    startup_stm32f407xx.o(RESET) refers to stm32f4xx_it.o(i.CAN2_RX0_IRQHandler) for CAN2_RX0_IRQHandler
    startup_stm32f407xx.o(RESET) refers to stm32f4xx_it.o(i.DMA2_Stream7_IRQHandler) for DMA2_Stream7_IRQHandler
    startup_stm32f407xx.o(.text) refers to system_stm32f4xx.o(i.SystemInit) for SystemInit
    startup_stm32f407xx.o(.text) refers to entry.o(.ARM.Collect$$$$00000000) for __main
    main.o(i.BreaktoChangeFlag) refers to main.o(.data) for dis1
    main.o(i.HAL_TIM_PeriodElapsedCallback) refers to main.o(i.TOFRefresh) for TOFRefresh
    main.o(i.HAL_TIM_PeriodElapsedCallback) refers to bmi088driver.o(i.BMI088_read) for BMI088_read
    main.o(i.HAL_TIM_PeriodElapsedCallback) refers to kalmanfilter.o(i.YawSolve) for YawSolve
    main.o(i.HAL_TIM_PeriodElapsedCallback) refers to f2d.o(.text) for __aeabi_f2d
    main.o(i.HAL_TIM_PeriodElapsedCallback) refers to liner.o(i.LineRead) for LineRead
    main.o(i.HAL_TIM_PeriodElapsedCallback) refers to main.o(i.RuntoBreakFlag) for RuntoBreakFlag
    main.o(i.HAL_TIM_PeriodElapsedCallback) refers to main.o(i.SpeedCumulativeBreak) for SpeedCumulativeBreak
    main.o(i.HAL_TIM_PeriodElapsedCallback) refers to main.o(i.TOFSignalFlag) for TOFSignalFlag
    main.o(i.HAL_TIM_PeriodElapsedCallback) refers to main.o(i.BreaktoChangeFlag) for BreaktoChangeFlag
    main.o(i.HAL_TIM_PeriodElapsedCallback) refers to main.o(i.InvDir) for InvDir
    main.o(i.HAL_TIM_PeriodElapsedCallback) refers to main.o(.data) for temp
    main.o(i.HAL_TIM_PeriodElapsedCallback) refers to main.o(.bss) for accel
    main.o(i.HAL_TIM_PeriodElapsedCallback) refers to bsp-protocol.o(.data) for RoadInfoFinishFlag
    main.o(i.HAL_TIM_PeriodElapsedCallback) refers to main.o(i.SpeedCumulativeCirCle) for SpeedCumulativeCirCle
    main.o(i.HAL_TIM_PeriodElapsedCallback) refers to stm32f4xx_hal_gpio.o(i.HAL_GPIO_ReadPin) for HAL_GPIO_ReadPin
    main.o(i.HAL_TIM_PeriodElapsedCallback) refers to fmod.o(i.__hardfp_fmod) for __hardfp_fmod
    main.o(i.HAL_TIM_PeriodElapsedCallback) refers to bsp-protocol.o(.bss) for RoadInfoUpper
    main.o(i.HAL_TIM_PeriodElapsedCallback) refers to d2f.o(.text) for __aeabi_d2f
    main.o(i.HAL_TIM_PeriodElapsedCallback) refers to anglelock.o(i.Ang_PID_Absolute) for Ang_PID_Absolute
    main.o(i.HAL_TIM_PeriodElapsedCallback) refers to motor_control.o(i.M2006_motion_vector) for M2006_motion_vector
[...]
    i.UsageFault_Handler                     0x080063a4   Section        0  stm32f4xx_it.o(i.UsageFault_Handler)
    i.YawSolve                               0x080063a8   Section        0  kalmanfilter.o(i.YawSolve)
    i.__NVIC_GetPriorityGrouping             0x080064a8   Section        0  stm32f4xx_hal_cortex.o(i.__NVIC_GetPriorityGrouping)
    __NVIC_GetPriorityGrouping               0x080064a9   Thumb Code    10  stm32f4xx_hal_cortex.o(i.__NVIC_GetPriorityGrouping)
    i.__NVIC_SetPriority                     0x080064b8   Section        0  stm32f4xx_hal_cortex.o(i.__NVIC_SetPriority)
    __NVIC_SetPriority                       0x080064b9   Thumb Code    32  stm32f4xx_hal_cortex.o(i.__NVIC_SetPriority)
    i.__hardfp_fmod                          0x080064e0   Section        0  fmod.o(i.__hardfp_fmod)
    i.__mathlib_dbl_invalid                  0x080065e8   Section        0  dunder.o(i.__mathlib_dbl_invalid)
    i.__scatterload_copy                     0x08006608   Section       14  handlers.o(i.__scatterload_copy)
    i.__scatterload_null                     0x08006616   Section        2  handlers.o(i.__scatterload_null)
    i.__scatterload_zeroinit                 0x08006618   Section       14  handlers.o(i.__scatterload_zeroinit)
    i.__set_errno                            0x08006628   Section        0  errno.o(i.__set_errno)
    i.bmi088_accel_init                      0x08006634   Section        0  bmi088driver.o(i.bmi088_accel_init)
    i.bmi088_gyro_init                       0x0800675c   Section        0  bmi088driver.o(i.bmi088_gyro_init)
    i.filter_to_can_2                        0x08006850   Section        0  bsp_can.o(i.filter_to_can_2)
    i.get_moto_measure                       0x0800689c   Section        0  bsp_can.o(i.get_moto_measure)
    i.main                                   0x08006918   Section        0  main.o(i.main)
    i.motor_init_4p                          0x080069e0   Section        0  motor_control.o(i.motor_init_4p)
    i.pid_calculate                          0x08006a54   Section        0  pid.o(i.pid_calculate)
    pid_calculate                            0x08006a55   Thumb Code   326  pid.o(i.pid_calculate)
    i.pid_init                               0x08006b9c   Section        0  pid.o(i.pid_init)
    i.pid_param_init                         0x08006bb8   Section        0  pid.o(i.pid_param_init)
    pid_param_init                           0x08006bb9   Thumb Code    88  pid.o(i.pid_param_init)
    i.pid_reset                              0x08006c14   Section        0  pid.o(i.pid_reset)
    pid_reset                                0x08006c15   Thumb Code    14  pid.o(i.pid_reset)
    i.protocol_analysis                      0x08006c24   Section        0  bsp-protocol.o(i.protocol_analysis)
    i.sendUART                               0x080072dc   Section        0  bsp-protocol.o(i.sendUART)
    i.set_moto_current                       0x080073d4   Section        0  bsp_can.o(i.set_moto_current)
    i.tofm_frame0_size                       0x0800742c   Section        0  nlink_tofsensem_frame0.o(i.tofm_frame0_size)
    i.vApp_CAN_Configuration                 0x0800743c   Section        0  lk_bsp_can.o(i.vApp_CAN_Configuration)
    i.vApp_CAN_Filter_Init                   0x080074b0   Section        0  lk_bsp_can.o(i.vApp_CAN_Filter_Init)
    i.vApp_CAN_TxHeader_Init                 0x080074f6   Section        0  lk_bsp_can.o(i.vApp_CAN_TxHeader_Init)
    i.vApp_CAN_TxMessage                     0x0800750c   Section        0  lk_bsp_can.o(i.vApp_CAN_TxMessage)
    i.vApp_User_CAN1_TxMessage               0x08007528   Section        0  lk_bsp_can.o(i.vApp_User_CAN1_TxMessage)
    i.vApp_User_CAN_Configuration            0x08007544   Section        0  lk_bsp_can.o(i.vApp_User_CAN_Configuration)
    .constdata                               0x08007584   Section        8  stm32f4xx_hal_dma.o(.constdata)
    flagBitshiftOffset                       0x08007584   Data           8  stm32f4xx_hal_dma.o(.constdata)
    .constdata                               0x0800758c   Section       24  system_stm32f4xx.o(.constdata)
    .data                                    0x20000000   Section      152  main.o(.data)
    .data                                    0x20000098   Section        4  can.o(.data)
    HAL_RCC_CAN1_CLK_ENABLED                 0x20000098   Data           4  can.o(.data)
    .data                                    0x2000009c   Section        9  stm32f4xx_hal.o(.data)
    .data                                    0x200000a8   Section        4  system_stm32f4xx.o(.data)
    .data                                    0x200000ac   Section       13  bsp_can.o(.data)
    chassis_can_send_data                    0x200000ac   Data           8  bsp_can.o(.data)
    i                                        0x200000b8   Data           1  bsp_can.o(.data)
    .data                                    0x200000bc   Section       44  bmi088driver.o(.data)
    write_BMI088_accel_reg_data_error        0x200000c4   Data          18  bmi088driver.o(.data)
    write_BMI088_gyro_reg_data_error         0x200000d6   Data          18  bmi088driver.o(.data)
    .data                                    0x200000e8   Section      140  kalmanfilter.o(.data)
    angle                                    0x20000170   Data           4  kalmanfilter.o(.data)
    .data                                    0x20000174   Section       32  nlink_tofsense_frame0.o(.data)
    .data                                    0x20000194   Section      532  nlink_tofsensem_frame0.o(.data)
    .data                                    0x200003a8   Section       32  tofsense.o(.data)
    .data                                    0x200003c8   Section       52  bsp-protocol.o(.data)
    .data                                    0x200003fc   Section        4  errno.o(.data)
    _errno                                   0x200003fc   Data           4  errno.o(.data)
    .bss                                     0x20000400   Section     4628  main.o(.bss)
    TOF                                      0x20000400   Data         128  main.o(.bss)
    TOF_M                                    0x20000480   Data        3616  main.o(.bss)
    .bss                                     0x20001614   Section     3824  can.o(.bss)
    TOF                                      0x20001614   Data         128  can.o(.bss)
    TOF_M                                    0x20001694   Data        3616  can.o(.bss)
    .bss                                     0x20002504   Section     3832  spi.o(.bss)
    TOF                                      0x20002504   Data         128  spi.o(.bss)
    TOF_M                                    0x20002584   Data        3616  spi.o(.bss)
    .bss                                     0x200033fc   Section     4104  tim.o(.bss)
    TOF                                      0x200033fc   Data         128  tim.o(.bss)
    TOF_M                                    0x2000347c   Data        3616  tim.o(.bss)
    .bss                                     0x20004404   Section     4264  usart.o(.bss)
    TOF                                      0x20004404   Data         128  usart.o(.bss)
    TOF_M                                    0x20004484   Data        3616  usart.o(.bss)
    .bss                                     0x200054ac   Section     3960  bsp_can.o(.bss)
    TOF                                      0x200054ac   Data         128  bsp_can.o(.bss)
    TOF_M                                    0x2000552c   Data        3616  bsp_can.o(.bss)
    chassis_tx_message                       0x2000640c   Data          24  bsp_can.o(.bss)
    .bss                                     0x20006424   Section     4144  motor_control.o(.bss)
    TOF                                      0x20006424   Data         128  motor_control.o(.bss)
    TOF_M                                    0x200064a4   Data        3616  motor_control.o(.bss)
    .bss                                     0x20007458   Section     3808  kalmanfilter.o(.bss)
    TOF                                      0x20007458   Data         128  kalmanfilter.o(.bss)
    TOF_M                                    0x200074d8   Data        3616  kalmanfilter.o(.bss)
    .bss                                     0x20008338   Section       16  nlink_tofsense_frame0.o(.bss)
    g_frame                                  0x20008338   Data          16  nlink_tofsense_frame0.o(.bss)
    .bss                                     0x20008348   Section     3768  tofsense.o(.bss)
    TOF                                      0x20008348   Data         128  tofsense.o(.bss)
    TOF_M                                    0x200083c8   Data        3616  tofsense.o(.bss)
    .bss                                     0x20009200   Section     4224  bsp-protocol.o(.bss)
    TOF                                      0x20009200   Data         128  bsp-protocol.o(.bss)
    TOF_M                                    0x20009280   Data        3616  bsp-protocol.o(.bss)
    .bss                                     0x2000a280   Section     3836  lk_bsp_can.o(.bss)
    TOF                                      0x2000a280   Data         128  lk_bsp_can.o(.bss)
    TOF_M                                    0x2000a300   Data        3616  lk_bsp_can.o(.bss)
    STACK                                    0x2000b180   Section     1024  startup_stm32f407xx.o(STACK)

    Global Symbols

    Symbol Name                              Value     Ov Type        Size  Object(Section)

    BuildAttributes$$THM_ISAv4$E$P$D$K$B$S$7EM$VFPi3$EXTD16$VFPS$VFMA$PE$A:L22UL41UL21$X:L11$S22US41US21$IEEE1$IW$USESV6$~STKCKD$USESV7$~SHL$OTIME$ROPI$IEEEX$EBA8$MICROLIB$REQ8$PRES8$EABIv2 0x00000000   Number         0  anon$$obj.o ABSOLUTE
    __ARM_use_no_argv                        0x00000000   Number         0  main.o ABSOLUTE
    _printf_a                                0x00000000   Number         0  stubs.o ABSOLUTE
    _printf_c                                0x00000000   Number         0  stubs.o ABSOLUTE
    _printf_charcount                        0x00000000   Number         0  stubs.o ABSOLUTE
    _printf_d                                0x00000000   Number         0  stubs.o ABSOLUTE
    _printf_e                                0x00000000   Number         0  stubs.o ABSOLUTE
    _printf_f                                0x00000000   Number         0  stubs.o ABSOLUTE
    _printf_flags                            0x00000000   Number         0  stubs.o ABSOLUTE
    _printf_fp_dec                           0x00000000   Number         0  stubs.o ABSOLUTE
    _printf_fp_hex                           0x00000000   Number         0  stubs.o ABSOLUTE
    _printf_g                                0x00000000   Number         0  stubs.o ABSOLUTE
    _printf_i                                0x00000000   Number         0  stubs.o ABSOLUTE
    _printf_int_dec                          0x00000000   Number         0  stubs.o ABSOLUTE
    _printf_l                                0x00000000   Number         0  stubs.o ABSOLUTE
    _printf_lc                               0x00000000   Number         0  stubs.o ABSOLUTE
    _printf_ll                               0x00000000   Number         0  stubs.o ABSOLUTE
    _printf_lld                              0x00000000   Number         0  stubs.o ABSOLUTE
    _printf_lli                              0x00000000   Number         0  stubs.o ABSOLUTE
    _printf_llo                              0x00000000   Number         0  stubs.o ABSOLUTE
    _printf_llu                              0x00000000   Number         0  stubs.o ABSOLUTE
    _printf_llx                              0x00000000   Number         0  stubs.o ABSOLUTE
    _printf_longlong_dec                     0x00000000   Number         0  stubs.o ABSOLUTE
    _printf_longlong_hex                     0x00000000   Number         0  stubs.o ABSOLUTE
    _printf_longlong_oct                     0x00000000   Number         0  stubs.o ABSOLUTE
    _printf_ls                               0x00000000   Number         0  stubs.o ABSOLUTE
    _printf_mbtowc                           0x00000000   Number         0  stubs.o ABSOLUTE
    _printf_n                                0x00000000   Number         0  stubs.o ABSOLUTE
    _printf_o                                0x00000000   Number         0  stubs.o ABSOLUTE
    _printf_p                                0x00000000   Number         0  stubs.o ABSOLUTE
    _printf_percent                          0x00000000   Number         0  stubs.o ABSOLUTE
    _printf_pre_padding                      0x00000000   Number         0  stubs.o ABSOLUTE
    _printf_return_value                     0x00000000   Number         0  stubs.o ABSOLUTE
    _printf_s                                0x00000000   Number         0  stubs.o ABSOLUTE
    _printf_sizespec                         0x00000000   Number         0  stubs.o ABSOLUTE
    _printf_str                              0x00000000   Number         0  stubs.o ABSOLUTE
    _printf_truncate_signed                  0x00000000   Number         0  stubs.o ABSOLUTE
    _printf_truncate_unsigned                0x00000000   Number         0  stubs.o ABSOLUTE
    _printf_u                                0x00000000   Number         0  stubs.o ABSOLUTE
    _printf_wc                               0x00000000   Number         0  stubs.o ABSOLUTE
    _printf_wctomb                           0x00000000   Number         0  stubs.o ABSOLUTE
    _printf_widthprec                        0x00000000   Number         0  stubs.o ABSOLUTE
    _printf_x                                0x00000000   Number         0  stubs.o ABSOLUTE
    __arm_fini_                               - Undefined Weak Reference
    __cpp_initialize__aeabi_                  - Undefined Weak Reference
    __cxa_finalize                            - Undefined Weak Reference
    _clock_init                               - Undefined Weak Reference
    _microlib_exit                            - Undefined Weak Reference
    __Vectors_Size                           0x00000188   Number         0  startup_stm32f407xx.o ABSOLUTE
    __Vectors                                0x08000000   Data           4  startup_stm32f407xx.o(RESET)
    __Vectors_End                            0x08000188   Data           0  startup_stm32f407xx.o(RESET)
    __main                                   0x08000189   Thumb Code     0  entry.o(.ARM.Collect$$$$00000000)
    _main_stk                                0x08000189   Thumb Code     0  entry2.o(.ARM.Collect$$$$00000001)
    _main_scatterload                        0x0800018d   Thumb Code     0  entry5.o(.ARM.Collect$$$$00000004)
    __main_after_scatterload                 0x08000191   Thumb Code     0  entry5.o(.ARM.Collect$$$$00000004)
    _main_clock                              0x08000191   Thumb Code     0  entry7b.o(.ARM.Collect$$$$00000008)
    _main_cpp_init                           0x08000191   Thumb Code     0  entry8b.o(.ARM.Collect$$$$0000000A)
    _main_init                               0x08000191   Thumb Code     0  entry9a.o(.ARM.Collect$$$$0000000B)
    __rt_lib_shutdown_fini                   0x08000199   Thumb Code     0  entry12b.o(.ARM.Collect$$$$0000000E)
    __rt_final_cpp                           0x0800019d   Thumb Code     0  entry10a.o(.ARM.Collect$$$$0000000F)
    __rt_final_exit                          0x0800019d   Thumb Code     0  entry11a.o(.ARM.Collect$$$$00000011)
    Reset_Handler                            0x080001a1   Thumb Code     8  startup_stm32f407xx.o(.text)
    ADC_IRQHandler                           0x080001bb   Thumb Code     0  startup_stm32f407xx.o(.text)
    CAN1_RX1_IRQHandler                      0x080001bb   Thumb Code     0  startup_stm32f407xx.o(.text)
    CAN1_SCE_IRQHandler                      0x080001bb   Thumb Code     0  startup_stm32f407xx.o(.text)
    CAN2_RX1_IRQHandler                      0x080001bb   Thumb Code     0  startup_stm32f407xx.o(.text)
    CAN2_SCE_IRQHandler                      0x080001bb   Thumb Code     0  startup_stm32f407xx.o(.text)
    DCMI_IRQHandler                          0x080001bb   Thumb Code     0  startup_stm32f407xx.o(.text)
    DMA1_Stream0_IRQHandler                  0x080001bb   Thumb Code     0  startup_stm32f407xx.o(.text)
    DMA1_Stream2_IRQHandler                  0x080001bb   Thumb Code     0  startup_stm32f407xx.o(.text)
    DMA1_Stream4_IRQHandler                  0x080001bb   Thumb Code     0  startup_stm32f407xx.o(.text)
    DMA1_Stream5_IRQHandler                  0x080001bb   Thumb Code     0  startup_stm32f407xx.o(.text)
    DMA1_Stream6_IRQHandler                  0x080001bb   Thumb Code     0  startup_stm32f407xx.o(.text)
    DMA1_Stream7_IRQHandler                  0x080001bb   Thumb Code     0  startup_stm32f407xx.o(.text)
    DMA2_Stream0_IRQHandler                  0x080001bb   Thumb Code     0  startup_stm32f407xx.o(.text)
    DMA2_Stream1_IRQHandler                  0x080001bb   Thumb Code     0  startup_stm32f407xx.o(.text)
    DMA2_Stream3_IRQHandler                  0x080001bb   Thumb Code     0  startup_stm32f407xx.o(.text)
    DMA2_Stream4_IRQHandler                  0x080001bb   Thumb Code     0  startup_stm32f407xx.o(.text)
    DMA2_Stream5_IRQHandler                  0x080001bb   Thumb Code     0  startup_stm32f407xx.o(.text)
    DMA2_Stream6_IRQHandler                  0x080001bb   Thumb Code     0  startup_stm32f407xx.o(.text)
    ETH_IRQHandler                           0x080001bb   Thumb Code     0  startup_stm32f407xx.o(.text)
    ETH_WKUP_IRQHandler                      0x080001bb   Thumb Code     0  startup_stm32f407xx.o(.text)
    EXTI0_IRQHandler                         0x080001bb   Thumb Code     0  startup_stm32f407xx.o(.text)
    EXTI15_10_IRQHandler                     0x080001bb   Thumb Code     0  startup_stm32f407xx.o(.text)
    EXTI1_IRQHandler                         0x080001bb   Thumb Code     0  startup_stm32f407xx.o(.text)
    EXTI2_IRQHandler                         0x080001bb   Thumb Code     0  startup_stm32f407xx.o(.text)
    EXTI3_IRQHandler                         0x080001bb   Thumb Code     0  startup_stm32f407xx.o(.text)
    EXTI4_IRQHandler                         0x080001bb   Thumb Code     0  startup_stm32f407xx.o(.text)
    EXTI9_5_IRQHandler                       0x080001bb   Thumb Code     0  startup_stm32f407xx.o(.text)
    FLASH_IRQHandler                         0x080001bb   Thumb Code     0  startup_stm32f407xx.o(.text)
    FMC_IRQHandler                           0x080001bb   Thumb Code     0  startup_stm32f407xx.o(.text)
    FPU_IRQHandler                           0x080001bb   Thumb Code     0  startup_stm32f407xx.o(.text)
    HASH_RNG_IRQHandler                      0x080001bb   Thumb Code     0  startup_stm32f407xx.o(.text)
    I2C1_ER_IRQHandler                       0x080001bb   Thumb Code     0  startup_stm32f407xx.o(.text)
    I2C1_EV_IRQHandler                       0x080001bb   Thumb Code     0  startup_stm32f407xx.o(.text)
    I2C2_ER_IRQHandler                       0x080001bb   Thumb Code     0  startup_stm32f407xx.o(.text)
    I2C2_EV_IRQHandler                       0x080001bb   Thumb Code     0  startup_stm32f407xx.o(.text)
    I2C3_ER_IRQHandler                       0x080001bb   Thumb Code     0  startup_stm32f407xx.o(.text)
    I2C3_EV_IRQHandler                       0x080001bb   Thumb Code     0  startup_stm32f407xx.o(.text)
    OTG_FS_IRQHandler                        0x080001bb   Thumb Code     0  startup_stm32f407xx.o(.text)
    OTG_FS_WKUP_IRQHandler                   0x080001bb   Thumb Code     0  startup_stm32f407xx.o(.text)
    OTG_HS_EP1_IN_IRQHandler                 0x080001bb   Thumb Code     0  startup_stm32f407xx.o(.text)
    OTG_HS_EP1_OUT_IRQHandler                0x080001bb   Thumb Code     0  startup_stm32f407xx.o(.text)
    OTG_HS_IRQHandler                        0x080001bb   Thumb Code     0  startup_stm32f407xx.o(.text)
    OTG_HS_WKUP_IRQHandler                   0x080001bb   Thumb Code     0  startup_stm32f407xx.o(.text)
    PVD_IRQHandler                           0x080001bb   Thumb Code     0  startup_stm32f407xx.o(.text)
    RCC_IRQHandler                           0x080001bb   Thumb Code     0  startup_stm32f407xx.o(.text)
    RTC_Alarm_IRQHandler                     0x080001bb   Thumb Code     0  startup_stm32f407xx.o(.text)
    RTC_WKUP_IRQHandler                      0x080001bb   Thumb Code     0  startup_stm32f407xx.o(.text)
    SDIO_IRQHandler                          0x080001bb   Thumb Code     0  startup_stm32f407xx.o(.text)
    SPI1_IRQHandler                          0x080001bb   Thumb Code     0  startup_stm32f407xx.o(.text)
    SPI2_IRQHandler                          0x080001bb   Thumb Code     0  startup_stm32f407xx.o(.text)
    SPI3_IRQHandler                          0x080001bb   Thumb Code     0  startup_stm32f407xx.o(.text)
    TAMP_STAMP_IRQHandler                    0x080001bb   Thumb Code     0  startup_stm32f407xx.o(.text)
    TIM1_BRK_TIM9_IRQHandler                 0x080001bb   Thumb Code     0  startup_stm32f407xx.o(.text)
    TIM1_CC_IRQHandler                       0x080001bb   Thumb Code     0  startup_stm32f407xx.o(.text)
    TIM2_IRQHandler                          0x080001bb   Thumb Code     0  startup_stm32f407xx.o(.text)
    TIM3_IRQHandler                          0x080001bb   Thumb Code     0  startup_stm32f407xx.o(.text)
    TIM4_IRQHandler                          0x080001bb   Thumb Code     0  startup_stm32f407xx.o(.text)
    TIM5_IRQHandler                          0x080001bb   Thumb Code     0  startup_stm32f407xx.o(.text)
    TIM6_DAC_IRQHandler                      0x080001bb   Thumb Code     0  startup_stm32f407xx.o(.text)
    TIM7_IRQHandler                          0x080001bb   Thumb Code     0  startup_stm32f407xx.o(.text)
    TIM8_CC_IRQHandler                       0x080001bb   Thumb Code     0  startup_stm32f407xx.o(.text)
    TIM8_TRG_COM_TIM14_IRQHandler            0x080001bb   Thumb Code     0  startup_stm32f407xx.o(.text)
    UART4_IRQHandler                         0x080001bb   Thumb Code     0  startup_stm32f407xx.o(.text)
    UART5_IRQHandler                         0x080001bb   Thumb Code     0  startup_stm32f407xx.o(.text)
    USART2_IRQHandler                        0x080001bb   Thumb Code     0  startup_stm32f407xx.o(.text)
    USART6_IRQHandler                        0x080001bb   Thumb Code     0  startup_stm32f407xx.o(.text)
    WWDG_IRQHandler                          0x080001bb   Thumb Code     0  startup_stm32f407xx.o(.text)
    __aeabi_uldivmod                         0x080001c5   Thumb Code    98  uldiv.o(.text)
    __aeabi_memcpy                           0x08000227   Thumb Code    36  memcpya.o(.text)
    __aeabi_memcpy4                          0x08000227   Thumb Code     0  memcpya.o(.text)
    __aeabi_memcpy8                          0x08000227   Thumb Code     0  memcpya.o(.text)
    __aeabi_memset                           0x0800024b   Thumb Code    14  memseta.o(.text)
    __aeabi_memset4                          0x0800024b   Thumb Code     0  memseta.o(.text)
    __aeabi_memset8                          0x0800024b   Thumb Code     0  memseta.o(.text)
    __aeabi_memclr                           0x08000259   Thumb Code     4  memseta.o(.text)
    __aeabi_memclr4                          0x08000259   Thumb Code     0  memseta.o(.text)
    __aeabi_memclr8                          0x08000259   Thumb Code     0  memseta.o(.text)
    _memset$wrapper                          0x0800025d   Thumb Code    18  memseta.o(.text)
    __aeabi_dadd                             0x0800026f   Thumb Code   322  dadd.o(.text)
    __aeabi_dsub                             0x080003b1   Thumb Code     6  dadd.o(.text)
    __aeabi_drsub                            0x080003b7   Thumb Code     6  dadd.o(.text)
    __aeabi_ddiv                             0x080003bd   Thumb Code   222  ddiv.o(.text)
    __aeabi_i2d                              0x0800049b   Thumb Code    34  dflti.o(.text)
    __aeabi_d2iz                             0x080004bd   Thumb Code    62  dfixi.o(.text)
    __aeabi_f2d                              0x080004fb   Thumb Code    38  f2d.o(.text)
    __aeabi_cdcmpeq                          0x08000521   Thumb Code     0  cdcmple.o(.text)
    __aeabi_cdcmple                          0x08000521   Thumb Code    48  cdcmple.o(.text)
    __aeabi_d2f                              0x08000551   Thumb Code    56  d2f.o(.text)
    __aeabi_llsl                             0x08000589   Thumb Code    30  llshl.o(.text)
    _ll_shift_l                              0x08000589   Thumb Code     0  llshl.o(.text)
    __aeabi_llsr                             0x080005a7   Thumb Code    32  llushr.o(.text)
    _ll_ushift_r                             0x080005a7   Thumb Code     0  llushr.o(.text)
    __aeabi_lasr                             0x080005c7   Thumb Code    36  llsshr.o(.text)
    _ll_sshift_r                             0x080005c7   Thumb Code     0  llsshr.o(.text)
    __I$use$fp                               0x080005eb   Thumb Code     0  iusefp.o(.text)
    _float_round                             0x080005eb   Thumb Code    18  fepilogue.o(.text)
    _float_epilogue                          0x080005fd   Thumb Code    92  fepilogue.o(.text)
    _double_round                            0x08000659   Thumb Code    30  depilogue.o(.text)
    _double_epilogue                         0x08000677   Thumb Code   156  depilogue.o(.text)
    _drem                                    0x08000713   Thumb Code   134  drem.o(.text)
    __scatterload                            0x08000799   Thumb Code    28  init.o(.text)
    __scatterload_rt2                        0x08000799   Thumb Code     0  init.o(.text)
    __decompress                             0x080007bd   Thumb Code     0  __dczerorl.o(.text)
    __decompress0                            0x080007bd   Thumb Code    58  __dczerorl.o(.text)
    Ang_PID_Absolute                         0x080007f9   Thumb Code   114  anglelock.o(i.Ang_PID_Absolute)
    BMI088_ACCEL_NS_H                        0x08000881   Thumb Code    14  bmi088middleware.o(i.BMI088_ACCEL_NS_H)
    BMI088_ACCEL_NS_L                        0x08000895   Thumb Code    14  bmi088middleware.o(i.BMI088_ACCEL_NS_L)
    BMI088_GPIO_init                         0x080008a9   Thumb Code     2  bmi088middleware.o(i.BMI088_GPIO_init)
    BMI088_GYRO_NS_H                         0x080008ad   Thumb Code    14  bmi088middleware.o(i.BMI088_GYRO_NS_H)
    BMI088_GYRO_NS_L                         0x080008c1   Thumb Code    14  bmi088middleware.o(i.BMI088_GYRO_NS_L)
    BMI088_com_init                          0x080008d5   Thumb Code     2  bmi088middleware.o(i.BMI088_com_init)
    BMI088_delay_ms                          0x080008d7   Thumb Code    26  bmi088middleware.o(i.BMI088_delay_ms)
    BMI088_delay_us                          0x080008f1   Thumb Code    74  bmi088middleware.o(i.BMI088_delay_us)
    BMI088_init                              0x0800093b   Thumb Code    28  bmi088driver.o(i.BMI088_init)
    BMI088_read                              0x08000959   Thumb Code   372  bmi088driver.o(i.BMI088_read)
    BMI088_read_write_byte                   0x08000b15   Thumb Code    28  bmi088middleware.o(i.BMI088_read_write_byte)
    BreaktoChangeFlag                        0x08000b49   Thumb Code    54  main.o(i.BreaktoChangeFlag)
    BusFault_Handler                         0x08000b95   Thumb Code     4  stm32f4xx_it.o(i.BusFault_Handler)
    CAN1_RX0_IRQHandler                      0x08000b99   Thumb Code    10  stm32f4xx_it.o(i.CAN1_RX0_IRQHandler)
    CAN1_TX_IRQHandler                       0x08000ba9   Thumb Code    10  stm32f4xx_it.o(i.CAN1_TX_IRQHandler)
    CAN2_RX0_IRQHandler                      0x08000bb9   Thumb Code    10  stm32f4xx_it.o(i.CAN2_RX0_IRQHandler)
    CAN2_TX_IRQHandler                       0x08000bc9   Thumb Code    10  stm32f4xx_it.o(i.CAN2_TX_IRQHandler)
    CommReceiveInit                          0x08000bd9   Thumb Code    14  bsp-protocol.o(i.CommReceiveInit)
    DMA1_Stream1_IRQHandler                  0x08000bf1   Thumb Code    10  stm32f4xx_it.o(i.DMA1_Stream1_IRQHandler)
    DMA1_Stream3_IRQHandler                  0x08000c01   Thumb Code    10  stm32f4xx_it.o(i.DMA1_Stream3_IRQHandler)
    DMA2_Stream2_IRQHandler                  0x08000c11   Thumb Code    10  stm32f4xx_it.o(i.DMA2_Stream2_IRQHandler)
    DMA2_Stream7_IRQHandler                  0x08000c21   Thumb Code    10  stm32f4xx_it.o(i.DMA2_Stream7_IRQHandler)
    DebugMon_Handler                         0x08000d3b   Thumb Code     2  stm32f4xx_it.o(i.DebugMon_Handler)
    Error_Handler                            0x08000d3d   Thumb Code     6  main.o(i.Error_Handler)
    HAL_CAN_ActivateNotification             0x08000d43   Thumb Code    42  stm32f4xx_hal_can.o(i.HAL_CAN_ActivateNotification)
    HAL_CAN_AddTxMessage                     0x08000d6d   Thumb Code   342  stm32f4xx_hal_can.o(i.HAL_CAN_AddTxMessage)
    HAL_CAN_ConfigFilter                     0x08000ec5   Thumb Code   286  stm32f4xx_hal_can.o(i.HAL_CAN_ConfigFilter)
    HAL_CAN_ErrorCallback                    0x08000fe9   Thumb Code     2  stm32f4xx_hal_can.o(i.HAL_CAN_ErrorCallback)
    HAL_CAN_GetRxMessage                     0x08000feb   Thumb Code   378  stm32f4xx_hal_can.o(i.HAL_CAN_GetRxMessage)
    HAL_CAN_IRQHandler                       0x08001165   Thumb Code   590  stm32f4xx_hal_can.o(i.HAL_CAN_IRQHandler)
    HAL_CAN_Init                             0x080013b3   Thumb Code   372  stm32f4xx_hal_can.o(i.HAL_CAN_Init)
    HAL_CAN_MspInit                          0x08001529   Thumb Code   364  can.o(i.HAL_CAN_MspInit)
    HAL_CAN_RxFifo0FullCallback              0x080016ad   Thumb Code     2  stm32f4xx_hal_can.o(i.HAL_CAN_RxFifo0FullCallback)
    HAL_CAN_RxFifo0MsgPendingCallback        0x080016b1   Thumb Code    80  bsp_can.o(i.HAL_CAN_RxFifo0MsgPendingCallback)
    HAL_CAN_RxFifo1FullCallback              0x08001709   Thumb Code     2  stm32f4xx_hal_can.o(i.HAL_CAN_RxFifo1FullCallback)
    HAL_CAN_RxFifo1MsgPendingCallback        0x0800170b   Thumb Code     2  stm32f4xx_hal_can.o(i.HAL_CAN_RxFifo1MsgPendingCallback)
    HAL_CAN_SleepCallback                    0x0800170d   Thumb Code     2  stm32f4xx_hal_can.o(i.HAL_CAN_SleepCallback)
    HAL_CAN_Start                            0x0800170f   Thumb Code    94  stm32f4xx_hal_can.o(i.HAL_CAN_Start)
    HAL_CAN_TxMailbox0AbortCallback          0x0800176d   Thumb Code     2  stm32f4xx_hal_can.o(i.HAL_CAN_TxMailbox0AbortCallback)
    HAL_CAN_TxMailbox0CompleteCallback       0x0800176f   Thumb Code     2  stm32f4xx_hal_can.o(i.HAL_CAN_TxMailbox0CompleteCallback)
    HAL_CAN_TxMailbox1AbortCallback          0x08001771   Thumb Code     2  stm32f4xx_hal_can.o(i.HAL_CAN_TxMailbox1AbortCallback)
    HAL_CAN_TxMailbox1CompleteCallback       0x08001773   Thumb Code     2  stm32f4xx_hal_can.o(i.HAL_CAN_TxMailbox1CompleteCallback)
    HAL_CAN_TxMailbox2AbortCallback          0x08001775   Thumb Code     2  stm32f4xx_hal_can.o(i.HAL_CAN_TxMailbox2AbortCallback)
    HAL_CAN_TxMailbox2CompleteCallback       0x08001777   Thumb Code     2  stm32f4xx_hal_can.o(i.HAL_CAN_TxMailbox2CompleteCallback)
    HAL_CAN_WakeUpFromRxMsgCallback          0x08001779   Thumb Code     2  stm32f4xx_hal_can.o(i.HAL_CAN_WakeUpFromRxMsgCallback)
    HAL_DMA_Abort                            0x0800177b   Thumb Code   172  stm32f4xx_hal_dma.o(i.HAL_DMA_Abort)
    HAL_DMA_Abort_IT                         0x08001827   Thumb Code    40  stm32f4xx_hal_dma.o(i.HAL_DMA_Abort_IT)
    HAL_DMA_GetError                         0x0800184f   Thumb Code     6  stm32f4xx_hal_dma.o(i.HAL_DMA_GetError)
    HAL_DMA_IRQHandler                       0x08001855   Thumb Code   570  stm32f4xx_hal_dma.o(i.HAL_DMA_IRQHandler)
    HAL_DMA_Init                             0x08001a95   Thumb Code   232  stm32f4xx_hal_dma.o(i.HAL_DMA_Init)
    HAL_DMA_Start_IT                         0x08001b81   Thumb Code   146  stm32f4xx_hal_dma.o(i.HAL_DMA_Start_IT)
    HAL_Delay                                0x08001c15   Thumb Code    36  stm32f4xx_hal.o(i.HAL_Delay)
    HAL_GPIO_Init                            0x08001c3d   Thumb Code   454  stm32f4xx_hal_gpio.o(i.HAL_GPIO_Init)
    HAL_GPIO_ReadPin                         0x08001e31   Thumb Code    16  stm32f4xx_hal_gpio.o(i.HAL_GPIO_ReadPin)
    HAL_GPIO_WritePin                        0x08001e41   Thumb Code    12  stm32f4xx_hal_gpio.o(i.HAL_GPIO_WritePin)
    HAL_GetTick                              0x08001e4d   Thumb Code     6  stm32f4xx_hal.o(i.HAL_GetTick)
    HAL_IncTick                              0x08001e59   Thumb Code    16  stm32f4xx_hal.o(i.HAL_IncTick)
    HAL_Init                                 0x08001e71   Thumb Code    54  stm32f4xx_hal.o(i.HAL_Init)
    HAL_InitTick                             0x08001ead   Thumb Code    64  stm32f4xx_hal.o(i.HAL_InitTick)
    HAL_MspInit                              0x08001ef9   Thumb Code    68  stm32f4xx_hal_msp.o(i.HAL_MspInit)
    HAL_NVIC_EnableIRQ                       0x08001f41   Thumb Code    32  stm32f4xx_hal_cortex.o(i.HAL_NVIC_EnableIRQ)
    HAL_NVIC_SetPriority                     0x08001f61   Thumb Code   124  stm32f4xx_hal_cortex.o(i.HAL_NVIC_SetPriority)
    HAL_NVIC_SetPriorityGrouping             0x08001fdd   Thumb Code    32  stm32f4xx_hal_cortex.o(i.HAL_NVIC_SetPriorityGrouping)
    HAL_RCC_ClockConfig                      0x08002005   Thumb Code   368  stm32f4xx_hal_rcc.o(i.HAL_RCC_ClockConfig)
    HAL_RCC_GetHCLKFreq                      0x08002189   Thumb Code     6  stm32f4xx_hal_rcc.o(i.HAL_RCC_GetHCLKFreq)
    HAL_RCC_GetPCLK1Freq                     0x08002195   Thumb Code    22  stm32f4xx_hal_rcc.o(i.HAL_RCC_GetPCLK1Freq)
    HAL_RCC_GetPCLK2Freq                     0x080021b5   Thumb Code    22  stm32f4xx_hal_rcc.o(i.HAL_RCC_GetPCLK2Freq)
    HAL_RCC_GetSysClockFreq                  0x080021d5   Thumb Code   162  stm32f4xx_hal_rcc.o(i.HAL_RCC_GetSysClockFreq)
    HAL_RCC_OscConfig                        0x08002285   Thumb Code  1172  stm32f4xx_hal_rcc.o(i.HAL_RCC_OscConfig)
    HAL_SPI_Init                             0x08002721   Thumb Code   200  stm32f4xx_hal_spi.o(i.HAL_SPI_Init)
    HAL_SPI_MspInit                          0x080027e9   Thumb Code   122  spi.o(i.HAL_SPI_MspInit)
    HAL_SPI_TransmitReceive                  0x08002871   Thumb Code   554  stm32f4xx_hal_spi.o(i.HAL_SPI_TransmitReceive)
    HAL_SYSTICK_Config                       0x08002a9b   Thumb Code    52  stm32f4xx_hal_cortex.o(i.HAL_SYSTICK_Config)
    HAL_TIMEx_BreakCallback                  0x08002acf   Thumb Code     2  stm32f4xx_hal_tim_ex.o(i.HAL_TIMEx_BreakCallback)
    HAL_TIMEx_CommutCallback                 0x08002ad1   Thumb Code     2  stm32f4xx_hal_tim_ex.o(i.HAL_TIMEx_CommutCallback)
    HAL_TIMEx_MasterConfigSynchronization    0x08002ad5   Thumb Code   150  stm32f4xx_hal_tim_ex.o(i.HAL_TIMEx_MasterConfigSynchronization)
    HAL_TIM_Base_Init                        0x08002b89   Thumb Code   102  stm32f4xx_hal_tim.o(i.HAL_TIM_Base_Init)
    HAL_TIM_Base_MspInit                     0x08002bf1   Thumb Code   284  tim.o(i.HAL_TIM_Base_MspInit)
    HAL_TIM_Base_Start_IT                    0x08002d21   Thumb Code   138  stm32f4xx_hal_tim.o(i.HAL_TIM_Base_Start_IT)
    HAL_TIM_ConfigClockSource                0x08002dc9   Thumb Code   268  stm32f4xx_hal_tim.o(i.HAL_TIM_ConfigClockSource)
    HAL_TIM_IC_CaptureCallback               0x08002ed5   Thumb Code     2  stm32f4xx_hal_tim.o(i.HAL_TIM_IC_CaptureCallback)
    HAL_TIM_IRQHandler                       0x08002ed7   Thumb Code   406  stm32f4xx_hal_tim.o(i.HAL_TIM_IRQHandler)
    HAL_TIM_OC_DelayElapsedCallback          0x0800306d   Thumb Code     2  stm32f4xx_hal_tim.o(i.HAL_TIM_OC_DelayElapsedCallback)
    HAL_TIM_PWM_PulseFinishedCallback        0x0800306f   Thumb Code     2  stm32f4xx_hal_tim.o(i.HAL_TIM_PWM_PulseFinishedCallback)
    HAL_TIM_PeriodElapsedCallback            0x08003071   Thumb Code  3416  main.o(i.HAL_TIM_PeriodElapsedCallback)
    HAL_TIM_TriggerCallback                  0x08003de1   Thumb Code     2  stm32f4xx_hal_tim.o(i.HAL_TIM_TriggerCallback)
    HAL_UARTEx_RxEventCallback               0x08003de3   Thumb Code     2  stm32f4xx_hal_uart.o(i.HAL_UARTEx_RxEventCallback)
    HAL_UART_AbortReceive                    0x08003de5   Thumb Code   196  stm32f4xx_hal_uart.o(i.HAL_UART_AbortReceive)
    HAL_UART_ErrorCallback                   0x08003ea9   Thumb Code     2  stm32f4xx_hal_uart.o(i.HAL_UART_ErrorCallback)
    HAL_UART_IRQHandler                      0x08003ead   Thumb Code   732  stm32f4xx_hal_uart.o(i.HAL_UART_IRQHandler)
    HAL_UART_Init                            0x0800418d   Thumb Code   114  stm32f4xx_hal_uart.o(i.HAL_UART_Init)
    HAL_UART_MspInit                         0x08004201   Thumb Code   516  usart.o(i.HAL_UART_MspInit)
    HAL_UART_Receive_DMA                     0x08004431   Thumb Code    66  stm32f4xx_hal_uart.o(i.HAL_UART_Receive_DMA)
    HAL_UART_RxCpltCallback                  0x08004475   Thumb Code    16  bsp-protocol.o(i.HAL_UART_RxCpltCallback)
    HAL_UART_RxHalfCpltCallback              0x0800448d   Thumb Code     2  stm32f4xx_hal_uart.o(i.HAL_UART_RxHalfCpltCallback)
    HAL_UART_Transmit_DMA                    0x08004491   Thumb Code   160  stm32f4xx_hal_uart.o(i.HAL_UART_Transmit_DMA)
    HAL_UART_TxCpltCallback                  0x0800453d   Thumb Code     2  stm32f4xx_hal_uart.o(i.HAL_UART_TxCpltCallback)
    HAL_UART_TxHalfCpltCallback              0x0800453f   Thumb Code     2  stm32f4xx_hal_uart.o(i.HAL_UART_TxHalfCpltCallback)
    HardFault_Handler                        0x08004541   Thumb Code     4  stm32f4xx_it.o(i.HardFault_Handler)
    IMU_Filter                               0x08004545   Thumb Code   146  kalmanfilter.o(i.IMU_Filter)
    InvDir                                   0x080045ed   Thumb Code    46  main.o(i.InvDir)
    LineRead                                 0x0800461d   Thumb Code   216  liner.o(i.LineRead)
    M2006_motion_vector                      0x08004705   Thumb Code   268  motor_control.o(i.M2006_motion_vector)
    MX_CAN1_Init                             0x0800481d   Thumb Code    58  can.o(i.MX_CAN1_Init)
    MX_CAN2_Init                             0x08004861   Thumb Code    58  can.o(i.MX_CAN2_Init)
    MX_DMA_Init                              0x080048a5   Thumb Code   130  dma.o(i.MX_DMA_Init)
    MX_GPIO_Init                             0x0800492d   Thumb Code   410  gpio.o(i.MX_GPIO_Init)
    MX_SPI1_Init                             0x08004ae1   Thumb Code    62  spi.o(i.MX_SPI1_Init)
    MX_TIM10_Init                            0x08004b29   Thumb Code    42  tim.o(i.MX_TIM10_Init)
    MX_TIM11_Init                            0x08004b5d   Thumb Code    42  tim.o(i.MX_TIM11_Init)
    MX_TIM12_Init                            0x08004b91   Thumb Code    72  tim.o(i.MX_TIM12_Init)
    MX_TIM13_Init                            0x08004be1   Thumb Code    44  tim.o(i.MX_TIM13_Init)
    MX_TIM2_Init                             0x08004c15   Thumb Code   102  tim.o(i.MX_TIM2_Init)
    MX_USART1_UART_Init                      0x08004c81   Thumb Code    46  usart.o(i.MX_USART1_UART_Init)
    MX_USART3_UART_Init                      0x08004cb9   Thumb Code    46  usart.o(i.MX_USART3_UART_Init)
    MemManage_Handler                        0x08004cf1   Thumb Code     4  stm32f4xx_it.o(i.MemManage_Handler)
    NLINK_ParseInt24                         0x08004cf5   Thumb Code    30  nlink_utils.o(i.NLINK_ParseInt24)
    NLINK_VerifyCheckSum                     0x08004d13   Thumb Code    42  nlink_utils.o(i.NLINK_VerifyCheckSum)
    NMI_Handler                              0x08004d3d   Thumb Code     4  stm32f4xx_it.o(i.NMI_Handler)
    PendSV_Handler                           0x08004d41   Thumb Code     2  stm32f4xx_it.o(i.PendSV_Handler)
    PlatformConAbsAng                        0x08004d45   Thumb Code    54  ms40x.o(i.PlatformConAbsAng)
    Pos_PID_Absolute                         0x08004d85   Thumb Code   158  poslock.o(i.Pos_PID_Absolute)
    RuntoBreakFlag                           0x08004e3d   Thumb Code    94  main.o(i.RuntoBreakFlag)
    SVC_Handler                              0x08004ff1   Thumb Code     2  stm32f4xx_it.o(i.SVC_Handler)
    SpeedCumulativeBreak                     0x08004ff5   Thumb Code   244  main.o(i.SpeedCumulativeBreak)
    SpeedCumulativeCirCle                    0x080050f9   Thumb Code  1000  main.o(i.SpeedCumulativeCirCle)
    SpeedOffset                              0x080054f9   Thumb Code    98  liner.o(i.SpeedOffset)
    SysTick_Handler                          0x08005565   Thumb Code     8  stm32f4xx_it.o(i.SysTick_Handler)
    SystemClock_Config                       0x0800556d   Thumb Code   172  main.o(i.SystemClock_Config)
    SystemInit                               0x08005621   Thumb Code    14  system_stm32f4xx.o(i.SystemInit)
    TIM1_TRG_COM_TIM11_IRQHandler            0x08005635   Thumb Code    10  stm32f4xx_it.o(i.TIM1_TRG_COM_TIM11_IRQHandler)
    TIM1_UP_TIM10_IRQHandler                 0x08005645   Thumb Code    10  stm32f4xx_it.o(i.TIM1_UP_TIM10_IRQHandler)
    TIM8_BRK_TIM12_IRQHandler                0x08005655   Thumb Code    10  stm32f4xx_it.o(i.TIM8_BRK_TIM12_IRQHandler)
    TIM8_UP_TIM13_IRQHandler                 0x08005665   Thumb Code    10  stm32f4xx_it.o(i.TIM8_UP_TIM13_IRQHandler)
    TIM_Base_SetConfig                       0x08005675   Thumb Code   170  stm32f4xx_hal_tim.o(i.TIM_Base_SetConfig)
    TIM_ETR_SetConfig                        0x0800574d   Thumb Code    22  stm32f4xx_hal_tim.o(i.TIM_ETR_SetConfig)
    TOFRefresh                               0x080057c5   Thumb Code    52  main.o(i.TOFRefresh)
    TOFSignalFlag                            0x08005805   Thumb Code    86  main.o(i.TOFSignalFlag)
    TofM_Unpack_Data                         0x0800586d   Thumb Code   182  tofsense.o(i.TofM_Unpack_Data)
    Tof_Unpack_Data                          0x08005935   Thumb Code   384  tofsense.o(i.Tof_Unpack_Data)
    UART_Start_Receive_DMA                   0x08006069   Thumb Code   196  stm32f4xx_hal_uart.o(i.UART_Start_Receive_DMA)
    USART1_IRQHandler                        0x08006199   Thumb Code    10  stm32f4xx_it.o(i.USART1_IRQHandler)
    USART3_IRQHandler                        0x080061a9   Thumb Code    98  stm32f4xx_it.o(i.USART3_IRQHandler)
    UsageFault_Handler                       0x080063a5   Thumb Code     4  stm32f4xx_it.o(i.UsageFault_Handler)
    YawSolve                                 0x080063a9   Thumb Code   234  kalmanfilter.o(i.YawSolve)
    __hardfp_fmod                            0x080064e1   Thumb Code   254  fmod.o(i.__hardfp_fmod)
    __mathlib_dbl_invalid                    0x080065e9   Thumb Code    24  dunder.o(i.__mathlib_dbl_invalid)
    __scatterload_copy                       0x08006609   Thumb Code    14  handlers.o(i.__scatterload_copy)
    __scatterload_null                       0x08006617   Thumb Code     2  handlers.o(i.__scatterload_null)
    __scatterload_zeroinit                   0x08006619   Thumb Code    14  handlers.o(i.__scatterload_zeroinit)
    __set_errno                              0x08006629   Thumb Code     6  errno.o(i.__set_errno)
    bmi088_accel_init                        0x08006635   Thumb Code   290  bmi088driver.o(i.bmi088_accel_init)
    bmi088_gyro_init                         0x0800675d   Thumb Code   238  bmi088driver.o(i.bmi088_gyro_init)
    filter_to_can_2                          0x08006851   Thumb Code    70  bsp_can.o(i.filter_to_can_2)
    get_moto_measure                         0x0800689d   Thumb Code   120  bsp_can.o(i.get_moto_measure)
    main                                     0x08006919   Thumb Code   176  main.o(i.main)
    motor_init_4p                            0x080069e1   Thumb Code   104  motor_control.o(i.motor_init_4p)
    pid_init                                 0x08006b9d   Thumb Code    14  pid.o(i.pid_init)
    protocol_analysis                        0x08006c25   Thumb Code  1664  bsp-protocol.o(i.protocol_analysis)
    sendUART                                 0x080072dd   Thumb Code   220  bsp-protocol.o(i.sendUART)
    set_moto_current                         0x080073d5   Thumb Code    78  bsp_can.o(i.set_moto_current)
    tofm_frame0_size                         0x0800742d   Thumb Code    16  nlink_tofsensem_frame0.o(i.tofm_frame0_size)
    vApp_CAN_Configuration                   0x0800743d   Thumb Code   112  lk_bsp_can.o(i.vApp_CAN_Configuration)
    vApp_CAN_Filter_Init                     0x080074b1   Thumb Code    70  lk_bsp_can.o(i.vApp_CAN_Filter_Init)
    vApp_CAN_TxHeader_Init                   0x080074f7   Thumb Code    22  lk_bsp_can.o(i.vApp_CAN_TxHeader_Init)
    vApp_CAN_TxMessage                       0x0800750d   Thumb Code    26  lk_bsp_can.o(i.vApp_CAN_TxMessage)
    vApp_User_CAN1_TxMessage                 0x08007529   Thumb Code    20  lk_bsp_can.o(i.vApp_User_CAN1_TxMessage)
    vApp_User_CAN_Configuration              0x08007545   Thumb Code    54  lk_bsp_can.o(i.vApp_User_CAN_Configuration)
    AHBPrescTable                            0x0800758c   Data          16  system_stm32f4xx.o(.constdata)
    APBPrescTable                            0x0800759c   Data           8  system_stm32f4xx.o(.constdata)
    Region$$Table$$Base                      0x080075a4   Number         0  anon$$obj.o(Region$$Table)
    Region$$Table$$Limit                     0x080075c4   Number         0  anon$$obj.o(Region$$Table)
    set_spd                                  0x20000000   Data           4  main.o(.data)
    DirFlag                                  0x20000004   Data           1  main.o(.data)
    dis1                                     0x20000008   Data           4  main.o(.data)
    dis2                                     0x2000000c   Data           4  main.o(.data)
    dis3                                     0x20000010   Data           4  main.o(.data)
    dis4                                     0x20000014   Data           4  main.o(.data)
    TOF_ID                                   0x20000018   Data           1  main.o(.data)
    u_tx_buf                                 0x20000019   Data           8  main.o(.data)
    TOF_data_length                          0x20000024   Data           4  main.o(.data)
    flag                                     0x20000028   Data           1  main.o(.data)
    SlowSpeedFlag                            0x20000029   Data           1  main.o(.data)
    tar                                      0x2000002c   Data           4  main.o(.data)
    temp                                     0x20000030   Data           4  main.o(.data)
    yaw                                      0x20000038   Data           8  main.o(.data)
    timeflag                                 0x20000040   Data           4  main.o(.data)
    Liner                                    0x20000044   Data           4  main.o(.data)
    RunFrame                                 0x20000048   Data           4  main.o(.data)
    MapFrame                                 0x2000004c   Data           4  main.o(.data)
    BlockFrame                               0x20000050   Data           4  main.o(.data)
    ChangeDis                                0x20000054   Data           4  main.o(.data)
    NextMapFrame                             0x20000058   Data           4  main.o(.data)
    left                                     0x2000005c   Data           4  main.o(.data)
    right                                    0x20000060   Data           4  main.o(.data)
    front                                    0x20000064   Data           4  main.o(.data)
    back                                     0x20000068   Data           4  main.o(.data)
    PauseBlockFlag                           0x2000006c   Data           1  main.o(.data)
    AskNum                                   0x20000070   Data           4  main.o(.data)
    InitNum                                  0x20000074   Data           4  main.o(.data)
    tempRoadNum                              0x20000078   Data           4  main.o(.data)
    tempRoadNumNext                          0x2000007c   Data           4  main.o(.data)
    run2offflag                              0x20000080   Data           8  main.o(.data)
    changeflag                               0x20000088   Data           8  main.o(.data)
    startspeed                               0x20000090   Data           4  main.o(.data)
    MotionState                              0x20000094   Data           1  main.o(.data)
    motionflag                               0x20000096   Data           2  main.o(.data)
    uwTick                                   0x2000009c   Data           4  stm32f4xx_hal.o(.data)
    uwTickPrio                               0x200000a0   Data           4  stm32f4xx_hal.o(.data)
    uwTickFreq                               0x200000a4   Data           1  stm32f4xx_hal.o(.data)
    SystemCoreClock                          0x200000a8   Data           4  system_stm32f4xx.o(.data)
    FlashTimer                               0x200000b4   Data           4  bsp_can.o(.data)
    BMI088_ACCEL_SEN                         0x200000bc   Data           4  bmi088driver.o(.data)
    BMI088_GYRO_SEN                          0x200000c0   Data           4  bmi088driver.o(.data)
    Kalman                                   0x200000e8   Data          72  kalmanfilter.o(.data)
    q0                                       0x20000130   Data           4  kalmanfilter.o(.data)
    q1                                       0x20000134   Data           4  kalmanfilter.o(.data)
    q2                                       0x20000138   Data           4  kalmanfilter.o(.data)
    q3                                       0x2000013c   Data           4  kalmanfilter.o(.data)
    exInt                                    0x20000140   Data           4  kalmanfilter.o(.data)
    eyInt                                    0x20000144   Data           4  kalmanfilter.o(.data)
    ezInt                                    0x20000148   Data           4  kalmanfilter.o(.data)
    yawtemp                                  0x2000014c   Data           4  kalmanfilter.o(.data)
    pitchtemp                                0x20000150   Data           4  kalmanfilter.o(.data)
    rolltemp                                 0x20000154   Data           4  kalmanfilter.o(.data)
    offset                                   0x20000158   Data           4  kalmanfilter.o(.data)
    g_GetZero_Offset                         0x2000015c   Data           2  kalmanfilter.o(.data)
    Gyroz_offset                             0x20000160   Data           8  kalmanfilter.o(.data)
    lastdata                                 0x20000168   Data           8  kalmanfilter.o(.data)
    g_nts_frame0                             0x20000174   Data          32  nlink_tofsense_frame0.o(.data)
    g_ntsm_frame0                            0x20000194   Data         532  nlink_tofsensem_frame0.o(.data)
    sig1                                     0x200003a8   Data           4  tofsense.o(.data)
    sig2                                     0x200003ac   Data           4  tofsense.o(.data)
    sig3                                     0x200003b0   Data           4  tofsense.o(.data)
    sig4                                     0x200003b4   Data           4  tofsense.o(.data)
    status1                                  0x200003b8   Data           4  tofsense.o(.data)
    status2                                  0x200003bc   Data           4  tofsense.o(.data)
    status3                                  0x200003c0   Data           4  tofsense.o(.data)
    status4                                  0x200003c4   Data           4  tofsense.o(.data)
    RxBuffer                                 0x200003c8   Data           8  bsp-protocol.o(.data)
    RxFlag                                   0x200003d0   Data           1  bsp-protocol.o(.data)
    ErrFlag                                  0x200003d1   Data           1  bsp-protocol.o(.data)
    VerifyVal                                0x200003d2   Data           1  bsp-protocol.o(.data)
    CheckTreasureFlag                        0x200003d3   Data           1  bsp-protocol.o(.data)
    SendPositionFlag                         0x200003d4   Data           1  bsp-protocol.o(.data)
    TempPosition                             0x200003d5   Data           3  bsp-protocol.o(.data)
    Flag_0x21                                0x200003d8   Data           1  bsp-protocol.o(.data)
    Flag_0x31                                0x200003d9   Data           1  bsp-protocol.o(.data)
    StopFlagUpper                            0x200003da   Data           1  bsp-protocol.o(.data)
    RoadsNumUpper                            0x200003db   Data           1  bsp-protocol.o(.data)
    CrashFlagUpper                           0x200003dc   Data           1  bsp-protocol.o(.data)
    CrashDirectionUpper                      0x200003dd   Data           1  bsp-protocol.o(.data)
    RoadInfoFinishFlag                       0x200003de   Data           1  bsp-protocol.o(.data)
    CameraDirTemp                            0x200003df   Data           1  bsp-protocol.o(.data)
    CameraDirPro                             0x200003e0   Data           1  bsp-protocol.o(.data)
    GimbalDirTemp                            0x200003e1   Data           1  bsp-protocol.o(.data)
    SendBuffer                               0x200003e2   Data           8  bsp-protocol.o(.data)
    ReceiveRxBuffer                          0x200003ea   Data           8  bsp-protocol.o(.data)
    ReceiveRxTempBuffer                      0x200003f2   Data           8  bsp-protocol.o(.data)
    ReceiveOKFlag                            0x200003fa   Data           1  bsp-protocol.o(.data)
    TempCrushFlag                            0x200003fb   Data           1  bsp-protocol.o(.data)
    u_rx_buf                                 0x200012a0   Data         400  main.o(.bss)
    gyro                                     0x20001430   Data          12  main.o(.bss)
    accel                                    0x2000143c   Data          12  main.o(.bss)
    EularAngle                               0x20001448   Data          36  main.o(.bss)
    Speed                                    0x2000146c   Data          12  main.o(.bss)
    speedcum                                 0x20001478   Data          12  main.o(.bss)
    map                                      0x20001484   Data         400  main.o(.bss)
    hcan1                                    0x200024b4   Data          40  can.o(.bss)
    hcan2                                    0x200024dc   Data          40  can.o(.bss)
    hspi1                                    0x200033a4   Data          88  spi.o(.bss)
    htim2                                    0x2000429c   Data          72  tim.o(.bss)
    htim10                                   0x200042e4   Data          72  tim.o(.bss)
    htim11                                   0x2000432c   Data          72  tim.o(.bss)
    htim12                                   0x20004374   Data          72  tim.o(.bss)
    htim13                                   0x200043bc   Data          72  tim.o(.bss)
    huart1                                   0x200052a4   Data          68  usart.o(.bss)
    huart3                                   0x200052e8   Data          68  usart.o(.bss)
    hdma_usart1_rx                           0x2000532c   Data          96  usart.o(.bss)
    hdma_usart1_tx                           0x2000538c   Data          96  usart.o(.bss)
    hdma_usart3_rx                           0x200053ec   Data          96  usart.o(.bss)
    hdma_usart3_tx                           0x2000544c   Data          96  usart.o(.bss)
    moto_chassis                             0x2000634c   Data         192  bsp_can.o(.bss)
    motor_pid                                0x200072c4   Data         400  motor_control.o(.bss)
    DCMgb                                    0x200082f8   Data          36  kalmanfilter.o(.bss)
    DataStack                                0x20008320   Data          24  kalmanfilter.o(.bss)
    FilterStack                              0x200091e8   Data          24  tofsense.o(.bss)
    RoadInfoUpper                            0x2000a0a0   Data         400  bsp-protocol.o(.bss)
    test001                                  0x2000a230   Data          80  bsp-protocol.o(.bss)
    hCAN1_TxHeader                           0x2000b120   Data          24  lk_bsp_can.o(.bss)
    hCAN1_RxHeader                           0x2000b138   Data          28  lk_bsp_can.o(.bss)
    hCAN1_Filter                             0x2000b154   Data          40  lk_bsp_can.o(.bss)
    __initial_sp                             0x2000b580   Data           0  startup_stm32f407xx.o(STACK)



==============================================================================

Memory Map of the image

  Image Entry point : 0x08000189

  Load Region LR_IROM1 (Base: 0x08000000, Size: 0x000079c4, Max: 0x00100000, ABSOLUTE, COMPRESSED[0x00007650])

    Execution Region ER_IROM1 (Exec base: 0x08000000, Load base: 0x08000000, Size: 0x000075c4, Max: 0x00100000, ABSOLUTE)

    Exec Addr    Load Addr    Size         Type   Attr      Idx    E Section Name        Object

    0x08000000   0x08000000   0x00000188   Data   RO            3    RESET               startup_stm32f407xx.o
    0x08000188   0x08000188   0x00000000   Code   RO         4909  * .ARM.Collect$$$$00000000  mc_w.l(entry.o)
    0x08000188   0x08000188   0x00000004   Code   RO         5219    .ARM.Collect$$$$00000001  mc_w.l(entry2.o)
    0x0800018c   0x0800018c   0x00000004   Code   RO         5222    .ARM.Collect$$$$00000004  mc_w.l(entry5.o)
    0x08000190   0x08000190   0x00000000   Code   RO         5224    .ARM.Collect$$$$00000008  mc_w.l(entry7b.o)
    0x08000190   0x08000190   0x00000000   Code   RO         5226    .ARM.Collect$$$$0000000A  mc_w.l(entry8b.o)
    0x08000190   0x08000190   0x00000008   Code   RO         5227    .ARM.Collect$$$$0000000B  mc_w.l(entry9a.o)
    0x08000198   0x08000198   0x00000004   Code   RO         5234    .ARM.Collect$$$$0000000E  mc_w.l(entry12b.o)
    0x0800019c   0x0800019c   0x00000000   Code   RO         5229    .ARM.Collect$$$$0000000F  mc_w.l(entry10a.o)
    0x0800019c   0x0800019c   0x00000000   Code   RO         5231    .ARM.Collect$$$$00000011  mc_w.l(entry11a.o)
    0x0800019c   0x0800019c   0x00000004   Code   RO         5220    .ARM.Collect$$$$00002712  mc_w.l(entry2.o)
    0x080001a0   0x080001a0   0x00000024   Code   RO            4    .text               startup_stm32f407xx.o
    0x080001c4   0x080001c4   0x00000062   Code   RO         4912    .text               mc_w.l(uldiv.o)
    0x08000226   0x08000226   0x00000024   Code   RO         4914    .text               mc_w.l(memcpya.o)
    0x0800024a   0x0800024a   0x00000024   Code   RO         4916    .text               mc_w.l(memseta.o)
    0x0800026e   0x0800026e   0x0000014e   Code   RO         5185    .text               mf_w.l(dadd.o)
    0x080003bc   0x080003bc   0x000000de   Code   RO         5189    .text               mf_w.l(ddiv.o)
    0x0800049a   0x0800049a   0x00000022   Code   RO         5193    .text               mf_w.l(dflti.o)
    0x080004bc   0x080004bc   0x0000003e   Code   RO         5195    .text               mf_w.l(dfixi.o)
    0x080004fa   0x080004fa   0x00000026   Code   RO         5197    .text               mf_w.l(f2d.o)
    0x08000520   0x08000520   0x00000030   Code   RO         5199    .text               mf_w.l(cdcmple.o)
    0x08000550   0x08000550   0x00000038   Code   RO         5203    .text               mf_w.l(d2f.o)
    0x08000588   0x08000588   0x0000001e   Code   RO         5240    .text               mc_w.l(llshl.o)
    0x080005a6   0x080005a6   0x00000020   Code   RO         5242    .text               mc_w.l(llushr.o)
    0x080005c6   0x080005c6   0x00000024   Code   RO         5244    .text               mc_w.l(llsshr.o)
    0x080005ea   0x080005ea   0x00000000   Code   RO         5253    .text               mc_w.l(iusefp.o)
    0x080005ea   0x080005ea   0x0000006e   Code   RO         5254    .text               mf_w.l(fepilogue.o)
    0x08000658   0x08000658   0x000000ba   Code   RO         5256    .text               mf_w.l(depilogue.o)
    0x08000712   0x08000712   0x00000086   Code   RO         5258    .text               mf_w.l(drem.o)
    0x08000798   0x08000798   0x00000024   Code   RO         5262    .text               mc_w.l(init.o)
    0x080007bc   0x080007bc   0x0000003a   Code   RO         5274    .text               mc_w.l(__dczerorl.o)
    0x080007f6   0x080007f6   0x00000002   PAD
    0x080007f8   0x080007f8   0x00000088   Code   RO         4630    i.Ang_PID_Absolute  anglelock.o
    0x08000880   0x08000880   0x00000014   Code   RO         4344    i.BMI088_ACCEL_NS_H  bmi088middleware.o
    0x08000894   0x08000894   0x00000014   Code   RO         4345    i.BMI088_ACCEL_NS_L  bmi088middleware.o
    0x080008a8   0x080008a8   0x00000002   Code   RO         4346    i.BMI088_GPIO_init  bmi088middleware.o
    0x080008aa   0x080008aa   0x00000002   PAD
    0x080008ac   0x080008ac   0x00000014   Code   RO         4347    i.BMI088_GYRO_NS_H  bmi088middleware.o
    0x080008c0   0x080008c0   0x00000014   Code   RO         4348    i.BMI088_GYRO_NS_L  bmi088middleware.o
    0x080008d4   0x080008d4   0x00000002   Code   RO         4349    i.BMI088_com_init   bmi088middleware.o
    0x080008d6   0x080008d6   0x0000001a   Code   RO         4350    i.BMI088_delay_ms   bmi088middleware.o
    0x080008f0   0x080008f0   0x0000004a   Code   RO         4351    i.BMI088_delay_us   bmi088middleware.o
    0x0800093a   0x0800093a   0x0000001c   Code   RO         4178    i.BMI088_init       bmi088driver.o
    0x08000956   0x08000956   0x00000002   PAD
    0x08000958   0x08000958   0x0000017c   Code   RO         4179    i.BMI088_read       bmi088driver.o
    0x08000ad4   0x08000ad4   0x00000026   Code   RO         4180    i.BMI088_read_muli_reg  bmi088driver.o
    0x08000afa   0x08000afa   0x00000018   Code   RO         4181    i.BMI088_read_single_reg  bmi088driver.o
    0x08000b12   0x08000b12   0x00000002   PAD
    0x08000b14   0x08000b14   0x00000020   Code   RO         4352    i.BMI088_read_write_byte  bmi088middleware.o
    0x08000b34   0x08000b34   0x00000014   Code   RO         4182    i.BMI088_write_single_reg  bmi088driver.o
    0x08000b48   0x08000b48   0x0000004c   Code   RO           13    i.BreaktoChangeFlag  main.o
    0x08000b94   0x08000b94   0x00000004   Code   RO          689    i.BusFault_Handler  stm32f4xx_it.o
    0x08000b98   0x08000b98   0x00000010   Code   RO          690    i.CAN1_RX0_IRQHandler  stm32f4xx_it.o
    0x08000ba8   0x08000ba8   0x00000010   Code   RO          691    i.CAN1_TX_IRQHandler  stm32f4xx_it.o
    0x08000bb8   0x08000bb8   0x00000010   Code   RO          692    i.CAN2_RX0_IRQHandler  stm32f4xx_it.o
    0x08000bc8   0x08000bc8   0x00000010   Code   RO          693    i.CAN2_TX_IRQHandler  stm32f4xx_it.o
    0x08000bd8   0x08000bd8   0x00000018   Code   RO         4735    i.CommReceiveInit   bsp-protocol.o
    0x08000bf0   0x08000bf0   0x00000010   Code   RO          694    i.DMA1_Stream1_IRQHandler  stm32f4xx_it.o
    0x08000c00   0x08000c00   0x00000010   Code   RO          695    i.DMA1_Stream3_IRQHandler  stm32f4xx_it.o
    0x08000c10   0x08000c10   0x00000010   Code   RO          696    i.DMA2_Stream2_IRQHandler  stm32f4xx_it.o
    0x08000c20   0x08000c20   0x00000010   Code   RO          697    i.DMA2_Stream7_IRQHandler  stm32f4xx_it.o
    0x08000c30   0x08000c30   0x00000034   Code   RO         1615    i.DMA_CalcBaseAndBitshift  stm32f4xx_hal_dma.o
    0x08000c64   0x08000c64   0x000000aa   Code   RO         1616    i.DMA_CheckFifoParam  stm32f4xx_hal_dma.o
    0x08000d0e   0x08000d0e   0x0000002c   Code   RO         1617    i.DMA_SetConfig     stm32f4xx_hal_dma.o
    0x08000d3a   0x08000d3a   0x00000002   Code   RO          698    i.DebugMon_Handler  stm32f4xx_it.o
    0x08000d3c   0x08000d3c   0x00000006   Code   RO           14    i.Error_Handler     main.o
    0x08000d42   0x08000d42   0x0000002a   Code   RO          878    i.HAL_CAN_ActivateNotification  stm32f4xx_hal_can.o
    0x08000d6c   0x08000d6c   0x00000156   Code   RO          879    i.HAL_CAN_AddTxMessage  stm32f4xx_hal_can.o
    0x08000ec2   0x08000ec2   0x00000002   PAD
    0x08000ec4   0x08000ec4   0x00000124   Code   RO          880    i.HAL_CAN_ConfigFilter  stm32f4xx_hal_can.o
    0x08000fe8   0x08000fe8   0x00000002   Code   RO          883    i.HAL_CAN_ErrorCallback  stm32f4xx_hal_can.o
    0x08000fea   0x08000fea   0x0000017a   Code   RO          886    i.HAL_CAN_GetRxMessage  stm32f4xx_hal_can.o
    0x08001164   0x08001164   0x0000024e   Code   RO          890    i.HAL_CAN_IRQHandler  stm32f4xx_hal_can.o
    0x080013b2   0x080013b2   0x00000174   Code   RO          891    i.HAL_CAN_Init      stm32f4xx_hal_can.o
    0x08001526   0x08001526   0x00000002   PAD
    0x08001528   0x08001528   0x00000184   Code   RO          459    i.HAL_CAN_MspInit   can.o
    0x080016ac   0x080016ac   0x00000002   Code   RO          898    i.HAL_CAN_RxFifo0FullCallback  stm32f4xx_hal_can.o
    0x080016ae   0x080016ae   0x00000002   PAD
    0x080016b0   0x080016b0   0x00000058   Code   RO         4003    i.HAL_CAN_RxFifo0MsgPendingCallback  bsp_can.o
    0x08001708   0x08001708   0x00000002   Code   RO          900    i.HAL_CAN_RxFifo1FullCallback  stm32f4xx_hal_can.o
    0x0800170a   0x0800170a   0x00000002   Code   RO          901    i.HAL_CAN_RxFifo1MsgPendingCallback  stm32f4xx_hal_can.o
    0x0800170c   0x0800170c   0x00000002   Code   RO          902    i.HAL_CAN_SleepCallback  stm32f4xx_hal_can.o
    0x0800170e   0x0800170e   0x0000005e   Code   RO          903    i.HAL_CAN_Start     stm32f4xx_hal_can.o
    0x0800176c   0x0800176c   0x00000002   Code   RO          905    i.HAL_CAN_TxMailbox0AbortCallback  stm32f4xx_hal_can.o
    0x0800176e   0x0800176e   0x00000002   Code   RO          906    i.HAL_CAN_TxMailbox0CompleteCallback  stm32f4xx_hal_can.o
    0x08001770   0x08001770   0x00000002   Code   RO          907    i.HAL_CAN_TxMailbox1AbortCallback  stm32f4xx_hal_can.o
    0x08001772   0x08001772   0x00000002   Code   RO          908    i.HAL_CAN_TxMailbox1CompleteCallback  stm32f4xx_hal_can.o
    0x08001774   0x08001774   0x00000002   Code   RO          909    i.HAL_CAN_TxMailbox2AbortCallback  stm32f4xx_hal_can.o
    0x08001776   0x08001776   0x00000002   Code   RO          910    i.HAL_CAN_TxMailbox2CompleteCallback  stm32f4xx_hal_can.o
    0x08001778   0x08001778   0x00000002   Code   RO          912    i.HAL_CAN_WakeUpFromRxMsgCallback  stm32f4xx_hal_can.o
    0x0800177a   0x0800177a   0x000000ac   Code   RO         1618    i.HAL_DMA_Abort     stm32f4xx_hal_dma.o
    0x08001826   0x08001826   0x00000028   Code   RO         1619    i.HAL_DMA_Abort_IT  stm32f4xx_hal_dma.o
    0x0800184e   0x0800184e   0x00000006   Code   RO         1621    i.HAL_DMA_GetError  stm32f4xx_hal_dma.o
    0x08001854   0x08001854   0x00000240   Code   RO         1623    i.HAL_DMA_IRQHandler  stm32f4xx_hal_dma.o
    0x08001a94   0x08001a94   0x000000ec   Code   RO         1624    i.HAL_DMA_Init      stm32f4xx_hal_dma.o
    0x08001b80   0x08001b80   0x00000092   Code   RO         1628    i.HAL_DMA_Start_IT  stm32f4xx_hal_dma.o
    0x08001c12   0x08001c12   0x00000002   PAD
    0x08001c14   0x08001c14   0x00000028   Code   RO         2042    i.HAL_Delay         stm32f4xx_hal.o
    0x08001c3c   0x08001c3c   0x000001f4   Code   RO         1511    i.HAL_GPIO_Init     stm32f4xx_hal_gpio.o
    0x08001e30   0x08001e30   0x00000010   Code   RO         1513    i.HAL_GPIO_ReadPin  stm32f4xx_hal_gpio.o
    0x08001e40   0x08001e40   0x0000000c   Code   RO         1515    i.HAL_GPIO_WritePin  stm32f4xx_hal_gpio.o
    0x08001e4c   0x08001e4c   0x0000000c   Code   RO         2048    i.HAL_GetTick       stm32f4xx_hal.o
    0x08001e58   0x08001e58   0x00000018   Code   RO         2054    i.HAL_IncTick       stm32f4xx_hal.o
    0x08001e70   0x08001e70   0x0000003c   Code   RO         2055    i.HAL_Init          stm32f4xx_hal.o
    0x08001eac   0x08001eac   0x0000004c   Code   RO         2056    i.HAL_InitTick      stm32f4xx_hal.o
    0x08001ef8   0x08001ef8   0x00000048   Code   RO          851    i.HAL_MspInit       stm32f4xx_hal_msp.o
    0x08001f40   0x08001f40   0x00000020   Code   RO         1900    i.HAL_NVIC_EnableIRQ  stm32f4xx_hal_cortex.o
    0x08001f60   0x08001f60   0x0000007c   Code   RO         1906    i.HAL_NVIC_SetPriority  stm32f4xx_hal_cortex.o
    0x08001fdc   0x08001fdc   0x00000028   Code   RO         1907    i.HAL_NVIC_SetPriorityGrouping  stm32f4xx_hal_cortex.o
    0x08002004   0x08002004   0x00000184   Code   RO         1112    i.HAL_RCC_ClockConfig  stm32f4xx_hal_rcc.o
    0x08002188   0x08002188   0x0000000c   Code   RO         1117    i.HAL_RCC_GetHCLKFreq  stm32f4xx_hal_rcc.o
    0x08002194   0x08002194   0x00000020   Code   RO         1119    i.HAL_RCC_GetPCLK1Freq  stm32f4xx_hal_rcc.o
    0x080021b4   0x080021b4   0x00000020   Code   RO         1120    i.HAL_RCC_GetPCLK2Freq  stm32f4xx_hal_rcc.o
    0x080021d4   0x080021d4   0x000000b0   Code   RO         1121    i.HAL_RCC_GetSysClockFreq  stm32f4xx_hal_rcc.o
    0x08002284   0x08002284   0x0000049c   Code   RO         1124    i.HAL_RCC_OscConfig  stm32f4xx_hal_rcc.o
    0x08002720   0x08002720   0x000000c8   Code   RO         2304    i.HAL_SPI_Init      stm32f4xx_hal_spi.o
    0x080027e8   0x080027e8   0x00000088   Code   RO          534    i.HAL_SPI_MspInit   spi.o
    0x08002870   0x08002870   0x0000022a   Code   RO         2313    i.HAL_SPI_TransmitReceive  stm32f4xx_hal_spi.o
    0x08002a9a   0x08002a9a   0x00000034   Code   RO         1911    i.HAL_SYSTICK_Config  stm32f4xx_hal_cortex.o
    0x08002ace   0x08002ace   0x00000002   Code   RO         3332    i.HAL_TIMEx_BreakCallback  stm32f4xx_hal_tim_ex.o
    0x08002ad0   0x08002ad0   0x00000002   Code   RO         3333    i.HAL_TIMEx_CommutCallback  stm32f4xx_hal_tim_ex.o
    0x08002ad2   0x08002ad2   0x00000002   PAD
    0x08002ad4   0x08002ad4   0x000000b4   Code   RO         3351    i.HAL_TIMEx_MasterConfigSynchronization  stm32f4xx_hal_tim_ex.o
    0x08002b88   0x08002b88   0x00000066   Code   RO         2617    i.HAL_TIM_Base_Init  stm32f4xx_hal_tim.o
    0x08002bee   0x08002bee   0x00000002   PAD
    0x08002bf0   0x08002bf0   0x00000130   Code   RO          576    i.HAL_TIM_Base_MspInit  tim.o
    0x08002d20   0x08002d20   0x000000a8   Code   RO         2622    i.HAL_TIM_Base_Start_IT  stm32f4xx_hal_tim.o
    0x08002dc8   0x08002dc8   0x0000010c   Code   RO         2626    i.HAL_TIM_ConfigClockSource  stm32f4xx_hal_tim.o
    0x08002ed4   0x08002ed4   0x00000002   Code   RO         2651    i.HAL_TIM_IC_CaptureCallback  stm32f4xx_hal_tim.o
    0x08002ed6   0x08002ed6   0x00000196   Code   RO         2665    i.HAL_TIM_IRQHandler  stm32f4xx_hal_tim.o
    0x0800306c   0x0800306c   0x00000002   Code   RO         2668    i.HAL_TIM_OC_DelayElapsedCallback  stm32f4xx_hal_tim.o
    0x0800306e   0x0800306e   0x00000002   Code   RO         2695    i.HAL_TIM_PWM_PulseFinishedCallback  stm32f4xx_hal_tim.o
    0x08003070   0x08003070   0x00000d70   Code   RO           15    i.HAL_TIM_PeriodElapsedCallback  main.o
    0x08003de0   0x08003de0   0x00000002   Code   RO         2708    i.HAL_TIM_TriggerCallback  stm32f4xx_hal_tim.o
    0x08003de2   0x08003de2   0x00000002   Code   RO         3610    i.HAL_UARTEx_RxEventCallback  stm32f4xx_hal_uart.o
    0x08003de4   0x08003de4   0x000000c4   Code   RO         3613    i.HAL_UART_AbortReceive  stm32f4xx_hal_uart.o
    0x08003ea8   0x08003ea8   0x00000002   Code   RO         3624    i.HAL_UART_ErrorCallback  stm32f4xx_hal_uart.o
    0x08003eaa   0x08003eaa   0x00000002   PAD
    0x08003eac   0x08003eac   0x000002e0   Code   RO         3627    i.HAL_UART_IRQHandler  stm32f4xx_hal_uart.o
    0x0800418c   0x0800418c   0x00000072   Code   RO         3628    i.HAL_UART_Init     stm32f4xx_hal_uart.o
    0x080041fe   0x080041fe   0x00000002   PAD
    0x08004200   0x08004200   0x00000230   Code   RO          642    i.HAL_UART_MspInit  usart.o
    0x08004430   0x08004430   0x00000042   Code   RO         3632    i.HAL_UART_Receive_DMA  stm32f4xx_hal_uart.o
    0x08004472   0x08004472   0x00000002   PAD
    0x08004474   0x08004474   0x00000018   Code   RO         4736    i.HAL_UART_RxCpltCallback  bsp-protocol.o
    0x0800448c   0x0800448c   0x00000002   Code   RO         3635    i.HAL_UART_RxHalfCpltCallback  stm32f4xx_hal_uart.o
    0x0800448e   0x0800448e   0x00000002   PAD
    0x08004490   0x08004490   0x000000ac   Code   RO         3637    i.HAL_UART_Transmit_DMA  stm32f4xx_hal_uart.o
    0x0800453c   0x0800453c   0x00000002   Code   RO         3639    i.HAL_UART_TxCpltCallback  stm32f4xx_hal_uart.o
    0x0800453e   0x0800453e   0x00000002   Code   RO         3640    i.HAL_UART_TxHalfCpltCallback  stm32f4xx_hal_uart.o
    0x08004540   0x08004540   0x00000004   Code   RO          699    i.HardFault_Handler  stm32f4xx_it.o
    0x08004544   0x08004544   0x000000a8   Code   RO         4421    i.IMU_Filter        kalmanfilter.o
    0x080045ec   0x080045ec   0x0000002e   Code   RO           16    i.InvDir            main.o
    0x0800461a   0x0800461a   0x00000002   PAD
    0x0800461c   0x0800461c   0x000000e8   Code   RO         4695    i.LineRead          liner.o
    0x08004704   0x08004704   0x00000118   Code   RO         4091    i.M2006_motion_vector  motor_control.o
    0x0800481c   0x0800481c   0x00000044   Code   RO          460    i.MX_CAN1_Init      can.o
    0x08004860   0x08004860   0x00000044   Code   RO          461    i.MX_CAN2_Init      can.o
    0x080048a4   0x080048a4   0x00000088   Code   RO          507    i.MX_DMA_Init       dma.o
    0x0800492c   0x0800492c   0x000001b4   Code   RO          306    i.MX_GPIO_Init      gpio.o
    0x08004ae0   0x08004ae0   0x00000048   Code   RO          535    i.MX_SPI1_Init      spi.o
    0x08004b28   0x08004b28   0x00000034   Code   RO          577    i.MX_TIM10_Init     tim.o
    0x08004b5c   0x08004b5c   0x00000034   Code   RO          578    i.MX_TIM11_Init     tim.o
    0x08004b90   0x08004b90   0x00000050   Code   RO          579    i.MX_TIM12_Init     tim.o
    0x08004be0   0x08004be0   0x00000034   Code   RO          580    i.MX_TIM13_Init     tim.o
    0x08004c14   0x08004c14   0x0000006c   Code   RO          581    i.MX_TIM2_Init      tim.o
    0x08004c80   0x08004c80   0x00000038   Code   RO          643    i.MX_USART1_UART_Init  usart.o
    0x08004cb8   0x08004cb8   0x00000038   Code   RO          644    i.MX_USART3_UART_Init  usart.o
    0x08004cf0   0x08004cf0   0x00000004   Code   RO          700    i.MemManage_Handler  stm32f4xx_it.o
    0x08004cf4   0x08004cf4   0x0000001e   Code   RO         4530    i.NLINK_ParseInt24  nlink_utils.o
    0x08004d12   0x08004d12   0x0000002a   Code   RO         4532    i.NLINK_VerifyCheckSum  nlink_utils.o
    0x08004d3c   0x08004d3c   0x00000004   Code   RO          701    i.NMI_Handler       stm32f4xx_it.o
    0x08004d40   0x08004d40   0x00000002   Code   RO          702    i.PendSV_Handler    stm32f4xx_it.o
    0x08004d42   0x08004d42   0x00000002   PAD
    0x08004d44   0x08004d44   0x00000040   Code   RO         4864    i.PlatformConAbsAng  ms40x.o
    0x08004d84   0x08004d84   0x000000b8   Code   RO         4659    i.Pos_PID_Absolute  poslock.o
    0x08004e3c   0x08004e3c   0x00000070   Code   RO           17    i.RuntoBreakFlag    main.o
    0x08004eac   0x08004eac   0x0000006c   Code   RO         2342    i.SPI_EndRxTxTransaction  stm32f4xx_hal_spi.o
    0x08004f18   0x08004f18   0x000000d8   Code   RO         2347    i.SPI_WaitFlagStateUntilTimeout  stm32f4xx_hal_spi.o
    0x08004ff0   0x08004ff0   0x00000002   Code   RO          703    i.SVC_Handler       stm32f4xx_it.o
    0x08004ff2   0x08004ff2   0x00000002   PAD
    0x08004ff4   0x08004ff4   0x00000104   Code   RO           20    i.SpeedCumulativeBreak  main.o
    0x080050f8   0x080050f8   0x00000400   Code   RO           21    i.SpeedCumulativeCirCle  main.o
    0x080054f8   0x080054f8   0x0000006c   Code   RO         4696    i.SpeedOffset       liner.o
    0x08005564   0x08005564   0x00000008   Code   RO          704    i.SysTick_Handler   stm32f4xx_it.o
    0x0800556c   0x0800556c   0x000000b4   Code   RO           23    i.SystemClock_Config  main.o
    0x08005620   0x08005620   0x00000014   Code   RO         3967    i.SystemInit        system_stm32f4xx.o
    0x08005634   0x08005634   0x00000010   Code   RO          705    i.TIM1_TRG_COM_TIM11_IRQHandler  stm32f4xx_it.o
    0x08005644   0x08005644   0x00000010   Code   RO          706    i.TIM1_UP_TIM10_IRQHandler  stm32f4xx_it.o
    0x08005654   0x08005654   0x00000010   Code   RO          707    i.TIM8_BRK_TIM12_IRQHandler  stm32f4xx_it.o
    0x08005664   0x08005664   0x00000010   Code   RO          708    i.TIM8_UP_TIM13_IRQHandler  stm32f4xx_it.o
    0x08005674   0x08005674   0x000000d8   Code   RO         2710    i.TIM_Base_SetConfig  stm32f4xx_hal_tim.o
    0x0800574c   0x0800574c   0x00000016   Code   RO         2721    i.TIM_ETR_SetConfig  stm32f4xx_hal_tim.o
    0x08005762   0x08005762   0x00000012   Code   RO         2722    i.TIM_ITRx_SetConfig  stm32f4xx_hal_tim.o
    0x08005774   0x08005774   0x00000026   Code   RO         2728    i.TIM_TI1_ConfigInputStage  stm32f4xx_hal_tim.o
    0x0800579a   0x0800579a   0x00000028   Code   RO         2730    i.TIM_TI2_ConfigInputStage  stm32f4xx_hal_tim.o
    0x080057c2   0x080057c2   0x00000002   PAD
    0x080057c4   0x080057c4   0x00000040   Code   RO           24    i.TOFRefresh        main.o
    0x08005804   0x08005804   0x00000068   Code   RO           25    i.TOFSignalFlag     main.o
    0x0800586c   0x0800586c   0x000000c8   Code   RO         4571    i.TofM_Unpack_Data  tofsense.o
    0x08005934   0x08005934   0x000001c4   Code   RO         4572    i.Tof_Unpack_Data   tofsense.o
    0x08005af8   0x08005af8   0x00000014   Code   RO         3641    i.UART_DMAAbortOnError  stm32f4xx_hal_uart.o
    0x08005b0c   0x08005b0c   0x00000050   Code   RO         3642    i.UART_DMAError     stm32f4xx_hal_uart.o
    0x08005b5c   0x08005b5c   0x000000b0   Code   RO         3643    i.UART_DMAReceiveCplt  stm32f4xx_hal_uart.o
    0x08005c0c   0x08005c0c   0x00000020   Code   RO         3645    i.UART_DMARxHalfCplt  stm32f4xx_hal_uart.o
    0x08005c2c   0x08005c2c   0x00000058   Code   RO         3647    i.UART_DMATransmitCplt  stm32f4xx_hal_uart.o
    0x08005c84   0x08005c84   0x0000000e   Code   RO         3649    i.UART_DMATxHalfCplt  stm32f4xx_hal_uart.o
    0x08005c92   0x08005c92   0x0000006c   Code   RO         3651    i.UART_EndRxTransfer  stm32f4xx_hal_uart.o
    0x08005cfe   0x08005cfe   0x00000020   Code   RO         3652    i.UART_EndTransmit_IT  stm32f4xx_hal_uart.o
    0x08005d1e   0x08005d1e   0x00000026   Code   RO         3653    i.UART_EndTxTransfer  stm32f4xx_hal_uart.o
    0x08005d44   0x08005d44   0x000000f8   Code   RO         3654    i.UART_Receive_IT   stm32f4xx_hal_uart.o
    0x08005e3c   0x08005e3c   0x0000022c   Code   RO         3655    i.UART_SetConfig    stm32f4xx_hal_uart.o
    0x08006068   0x08006068   0x000000d0   Code   RO         3656    i.UART_Start_Receive_DMA  stm32f4xx_hal_uart.o
    0x08006138   0x08006138   0x00000060   Code   RO         3658    i.UART_Transmit_IT  stm32f4xx_hal_uart.o
    0x08006198   0x08006198   0x00000010   Code   RO          709    i.USART1_IRQHandler  stm32f4xx_it.o
    0x080061a8   0x080061a8   0x00000074   Code   RO          710    i.USART3_IRQHandler  stm32f4xx_it.o
    0x0800621c   0x0800621c   0x000000a4   Code   RO         4483    i.UnpackData        nlink_tofsense_frame0.o
    0x080062c0   0x080062c0   0x000000e4   Code   RO         4507    i.UnpackData        nlink_tofsensem_frame0.o
    0x080063a4   0x080063a4   0x00000004   Code   RO          711    i.UsageFault_Handler  stm32f4xx_it.o
    0x080063a8   0x080063a8   0x00000100   Code   RO         4424    i.YawSolve          kalmanfilter.o
    0x080064a8   0x080064a8   0x00000010   Code   RO         1913    i.__NVIC_GetPriorityGrouping  stm32f4xx_hal_cortex.o
    0x080064b8   0x080064b8   0x00000028   Code   RO         1914    i.__NVIC_SetPriority  stm32f4xx_hal_cortex.o
    0x080064e0   0x080064e0   0x00000104   Code   RO         4897    i.__hardfp_fmod     m_wm.l(fmod.o)
    0x080065e4   0x080065e4   0x00000004   PAD
    0x080065e8   0x080065e8   0x00000020   Code   RO         5208    i.__mathlib_dbl_invalid  m_wm.l(dunder.o)
    0x08006608   0x08006608   0x0000000e   Code   RO         5268    i.__scatterload_copy  mc_w.l(handlers.o)
    0x08006616   0x08006616   0x00000002   Code   RO         5269    i.__scatterload_null  mc_w.l(handlers.o)
    0x08006618   0x08006618   0x0000000e   Code   RO         5270    i.__scatterload_zeroinit  mc_w.l(handlers.o)
    0x08006626   0x08006626   0x00000002   PAD
    0x08006628   0x08006628   0x0000000c   Code   RO         5248    i.__set_errno       mc_w.l(errno.o)
    0x08006634   0x08006634   0x00000128   Code   RO         4183    i.bmi088_accel_init  bmi088driver.o
    0x0800675c   0x0800675c   0x000000f4   Code   RO         4184    i.bmi088_gyro_init  bmi088driver.o
    0x08006850   0x08006850   0x0000004c   Code   RO         4005    i.filter_to_can_2   bsp_can.o
    0x0800689c   0x0800689c   0x0000007c   Code   RO         4006    i.get_moto_measure  bsp_can.o
    0x08006918   0x08006918   0x000000c8   Code   RO           26    i.main              main.o
    0x080069e0   0x080069e0   0x00000074   Code   RO         4092    i.motor_init_4p     motor_control.o
    0x08006a54   0x08006a54   0x00000146   Code   RO         4131    i.pid_calculate     pid.o
    0x08006b9a   0x08006b9a   0x00000002   PAD
    0x08006b9c   0x08006b9c   0x0000001c   Code   RO         4132    i.pid_init          pid.o
    0x08006bb8   0x08006bb8   0x0000005c   Code   RO         4133    i.pid_param_init    pid.o
    0x08006c14   0x08006c14   0x0000000e   Code   RO         4134    i.pid_reset         pid.o
    0x08006c22   0x08006c22   0x00000002   PAD
    0x08006c24   0x08006c24   0x000006b8   Code   RO         4738    i.protocol_analysis  bsp-protocol.o
    0x080072dc   0x080072dc   0x000000f8   Code   RO         4739    i.sendUART          bsp-protocol.o
    0x080073d4   0x080073d4   0x00000058   Code   RO         4009    i.set_moto_current  bsp_can.o
    0x0800742c   0x0800742c   0x00000010   Code   RO         4508    i.tofm_frame0_size  nlink_tofsensem_frame0.o
    0x0800743c   0x0800743c   0x00000074   Code   RO         4794    i.vApp_CAN_Configuration  lk_bsp_can.o
    0x080074b0   0x080074b0   0x00000046   Code   RO         4795    i.vApp_CAN_Filter_Init  lk_bsp_can.o
    0x080074f6   0x080074f6   0x00000016   Code   RO         4796    i.vApp_CAN_TxHeader_Init  lk_bsp_can.o
    0x0800750c   0x0800750c   0x0000001a   Code   RO         4797    i.vApp_CAN_TxMessage  lk_bsp_can.o
    0x08007526   0x08007526   0x00000002   PAD
    0x08007528   0x08007528   0x0000001c   Code   RO         4798    i.vApp_User_CAN1_TxMessage  lk_bsp_can.o
    0x08007544   0x08007544   0x00000040   Code   RO         4799    i.vApp_User_CAN_Configuration  lk_bsp_can.o
    0x08007584   0x08007584   0x00000008   Data   RO         1630    .constdata          stm32f4xx_hal_dma.o
    0x0800758c   0x0800758c   0x00000018   Data   RO         3968    .constdata          system_stm32f4xx.o
    0x080075a4   0x080075a4   0x00000020   Data   RO         5266    Region$$Table       anon$$obj.o


    Execution Region RW_IRAM1 (Exec base: 0x20000000, Load base: 0x080075c4, Size: 0x0000b580, Max: 0x0001c000, ABSOLUTE, COMPRESSED[0x0000008c])

    Exec Addr    Load Addr    Size         Type   Attr      Idx    E Section Name        Object

    0x20000000   COMPRESSED   0x00000098   Data   RW           28    .data               main.o
    0x20000098   COMPRESSED   0x00000004   Data   RW          463    .data               can.o
    0x2000009c   COMPRESSED   0x00000009   Data   RW         2062    .data               stm32f4xx_hal.o
    0x200000a5   COMPRESSED   0x00000003   PAD
    0x200000a8   COMPRESSED   0x00000004   Data   RW         3969    .data               system_stm32f4xx.o
    0x200000ac   COMPRESSED   0x0000000d   Data   RW         4011    .data               bsp_can.o
    0x200000b9   COMPRESSED   0x00000003   PAD
    0x200000bc   COMPRESSED   0x0000002c   Data   RW         4186    .data               bmi088driver.o
    0x200000e8   COMPRESSED   0x0000008c   Data   RW         4427    .data               kalmanfilter.o
    0x20000174   COMPRESSED   0x00000020   Data   RW         4485    .data               nlink_tofsense_frame0.o
    0x20000194   COMPRESSED   0x00000214   Data   RW         4509    .data               nlink_tofsensem_frame0.o
    0x200003a8   COMPRESSED   0x00000020   Data   RW         4574    .data               tofsense.o
    0x200003c8   COMPRESSED   0x00000034   Data   RW         4741    .data               bsp-protocol.o
    0x200003fc   COMPRESSED   0x00000004   Data   RW         5249    .data               mc_w.l(errno.o)
    0x20000400        -       0x00001214   Zero   RW           27    .bss                main.o
    0x20001614        -       0x00000ef0   Zero   RW          462    .bss                can.o
    0x20002504        -       0x00000ef8   Zero   RW          536    .bss                spi.o
    0x200033fc        -       0x00001008   Zero   RW          582    .bss                tim.o
    0x20004404        -       0x000010a8   Zero   RW          645    .bss                usart.o
    0x200054ac        -       0x00000f78   Zero   RW         4010    .bss                bsp_can.o
    0x20006424        -       0x00001030   Zero   RW         4093    .bss                motor_control.o
    0x20007454   COMPRESSED   0x00000004   PAD
    0x20007458        -       0x00000ee0   Zero   RW         4426    .bss                kalmanfilter.o
    0x20008338        -       0x00000010   Zero   RW         4484    .bss                nlink_tofsense_frame0.o
    0x20008348        -       0x00000eb8   Zero   RW         4573    .bss                tofsense.o
    0x20009200        -       0x00001080   Zero   RW         4740    .bss                bsp-protocol.o
    0x2000a280        -       0x00000efc   Zero   RW         4800    .bss                lk_bsp_can.o
    0x2000b17c   COMPRESSED   0x00000004   PAD
    0x2000b180        -       0x00000400   Zero   RW            1    STACK               startup_stm32f407xx.o


    Execution Region RW_IRAM2 (Exec base: 0x2001c000, Load base: 0x08007650, Size: 0x00000000, Max: 0x00004000, ABSOLUTE)

    **** No section assigned to this execution region ****


==============================================================================

Image component sizes


      Code (inc. data)   RO Data    RW Data    ZI Data      Debug   Object Name

       136         22          0          0          0        895   anglelock.o
      1030         20          0         44          0       8412   bmi088driver.o
       216         28          0          0          0       5444   bmi088middleware.o
      2016        194          0         52       4224       5775   bsp-protocol.o
       376         28          0         13       3960       5573   bsp_can.o
       524         44          0          4       3824       2782   can.o
       136          6          0          0          0        942   dma.o
       436         26          0          0          0     707664   gpio.o
       424         44          0        140       3808       4433   kalmanfilter.o
       340         42          0          0          0       2105   liner.o
       326         22          0          0       3836       6096   lk_bsp_can.o
      5512        404          0        152       4628     700478   main.o
       396         24          0          0       4144       3094   motor_control.o
        64         10          0          0          0        632   ms40x.o
       164         12          0         32         16       3779   nlink_tofsense_frame0.o
       244          8          0        532          0       3363   nlink_tofsensem_frame0.o
        72          0          0          0          0       1898   nlink_utils.o
       460         18          0          0          0       4400   pid.o
       184         26          0          0          0        911   poslock.o
       208         24          0          0       3832       1949   spi.o
        36          8        392          0       1024        904   startup_stm32f407xx.o
       212         36          0          9          0       9929   stm32f4xx_hal.o
      2134          6          0          0          0      15659   stm32f4xx_hal_can.o
       304         22          0          0          0      34927   stm32f4xx_hal_cortex.o
      1442         16          8          0          0       8309   stm32f4xx_hal_dma.o
       528         46          0          0          0       3055   stm32f4xx_hal_gpio.o
        72          4          0          0          0        966   stm32f4xx_hal_msp.o
      1820         84          0          0          0       6096   stm32f4xx_hal_rcc.o
      1078         14          0          0          0       5005   stm32f4xx_hal_spi.o
      1286         76          0          0          0      10619   stm32f4xx_hal_tim.o
       184         30          0          0          0       2765   stm32f4xx_hal_tim_ex.o
      2990         38          0          0          0      19422   stm32f4xx_hal_uart.o
       358         96          0          0          0      13202   stm32f4xx_it.o
        20          6         24          4          0       1311   system_stm32f4xx.o
       648         62          0          0       4104       4582   tim.o
       652         86          0         32       3768       3087   tofsense.o
       672         64          0          0       4264       3067   usart.o

    ----------------------------------------------------------------------
     27740       1696        456       1020      45440    1613530   Object Totals
         0          0         32          0          0          0   (incl. Generated)
        40          0          0          6          8          0   (incl. Padding)

    ----------------------------------------------------------------------

      Code (inc. data)   RO Data    RW Data    ZI Data      Debug   Library Member Name

        32          8          0          0          0        124   dunder.o
       260          6          0          0          0        144   fmod.o
        58          0          0          0          0          0   __dczerorl.o
         0          0          0          0          0          0   entry.o
         0          0          0          0          0          0   entry10a.o
         0          0          0          0          0          0   entry11a.o
         4          0          0          0          0          0   entry12b.o
         8          4          0          0          0          0   entry2.o
         4          0          0          0          0          0   entry5.o
         0          0          0          0          0          0   entry7b.o
         0          0          0          0          0          0   entry8b.o
         8          4          0          0          0          0   entry9a.o
        12          6          0          4          0         68   errno.o
        30          0          0          0          0          0   handlers.o
        36          8          0          0          0         68   init.o
         0          0          0          0          0          0   iusefp.o
        30          0          0          0          0         68   llshl.o
        36          0          0          0          0         68   llsshr.o
        32          0          0          0          0         68   llushr.o
        36          0          0          0          0         68   memcpya.o
        36          0          0          0          0        108   memseta.o
        98          0          0          0          0         92   uldiv.o
        48          0          0          0          0         68   cdcmple.o
        56          0          0          0          0         88   d2f.o
       334          0          0          0          0        148   dadd.o
       222          0          0          0          0        100   ddiv.o
       186          0          0          0          0        176   depilogue.o
        62          0          0          0          0         80   dfixi.o
        34          0          0          0          0         76   dflti.o
       134          0          0          0          0         96   drem.o
        38          0          0          0          0         68   f2d.o
       110          0          0          0          0        168   fepilogue.o

    ----------------------------------------------------------------------
      1952         40          0          4          0       1944   Library Totals
         8          4          0          0          0          0   (incl. Padding)

    ----------------------------------------------------------------------

      Code (inc. data)   RO Data    RW Data    ZI Data      Debug   Library Name

       292         14          0          0          0        268   m_wm.l
       428         22          0          4          0        608   mc_w.l
      1224          0          0          0          0       1068   mf_w.l

    ----------------------------------------------------------------------
      1952         40          0          4          0       1944   Library Totals

    ----------------------------------------------------------------------

==============================================================================


      Code (inc. data)   RO Data    RW Data    ZI Data      Debug   

     29692       1736        456       1024      45440    1596478   Grand Totals
     29692       1736        456        140      45440    1596478   ELF Image Totals (compressed)
     29692       1736        456        140          0          0   ROM Totals

==============================================================================

    Total RO  Size (Code + RO Data)                30148 (  29.44kB)
    Total RW  Size (RW Data + ZI Data)             46464 (  45.38kB)
    Total ROM Size (Code + RO Data + RW Data)      30288 (  29.58kB)

==============================================================================

